Building trisc2, compile step:
cd /var/tmp/rwkv-ttwkv7-persistent-device-4/cache/tt-metal-cache6727537587126051373/kernels/wkv7_decodeL_compute/4334116936902989630/trisc2/ && /nix/store/lvjsflhy8x1jbv74jk6992y6s3vbp76a-tt-metal-0.74.0/libexec/tt-metalium/runtime/sfpi/compiler/bin/riscv-tt-elf-g++ -O3 -std=c++17 -ftt-nttp -ftt-constinit -ftt-consteval -ftt-no-dyninit -flto=auto -ffast-math -fno-exceptions -fno-rtti -fno-use-cxa-atexit -g -MMD -Wall -Werror -Wno-error=deprecated-declarations -Wno-error=multistatement-macros -Wno-error=parentheses -Wno-error=unused-but-set-variable -Wno-unused-variable -Wno-unused-function -mcpu=tt-bh-tensix -I. -I.. -I/nix/store/lvjsflhy8x1jbv74jk6992y6s3vbp76a-tt-metal-0.74.0/libexec/tt-metalium/ -I/nix/store/lvjsflhy8x1jbv74jk6992y6s3vbp76a-tt-metal-0.74.0/libexec/tt-metalium/ttnn -I/nix/store/lvjsflhy8x1jbv74jk6992y6s3vbp76a-tt-metal-0.74.0/libexec/tt-metalium/ttnn/cpp -I/nix/store/lvjsflhy8x1jbv74jk6992y6s3vbp76a-tt-metal-0.74.0/libexec/tt-metalium/tt_metal -I/nix/store/lvjsflhy8x1jbv74jk6992y6s3vbp76a-tt-metal-0.74.0/libexec/tt-metalium/tt_metal/hw/inc -I/nix/store/lvjsflhy8x1jbv74jk6992y6s3vbp76a-tt-metal-0.74.0/libexec/tt-metalium/tt_metal/tt-llk/common -I/nix/store/lvjsflhy8x1jbv74jk6992y6s3vbp76a-tt-metal-0.74.0/libexec/tt-metalium/tt_metal/hostdevcommon/api -I/nix/store/lvjsflhy8x1jbv74jk6992y6s3vbp76a-tt-metal-0.74.0/libexec/tt-metalium/tt_metal/api/ -I/nix/store/lvjsflhy8x1jbv74jk6992y6s3vbp76a-tt-metal-0.74.0/libexec/tt-metalium/runtime/sfpi/include -I/nix/store/lvjsflhy8x1jbv74jk6992y6s3vbp76a-tt-metal-0.74.0/libexec/tt-metalium/tt_metal/hw/ckernels/blackhole/metal/common -I/nix/store/lvjsflhy8x1jbv74jk6992y6s3vbp76a-tt-metal-0.74.0/libexec/tt-metalium/tt_metal/hw/ckernels/blackhole/metal/llk_io -I/nix/store/lvjsflhy8x1jbv74jk6992y6s3vbp76a-tt-metal-0.74.0/libexec/tt-metalium/tt_metal/hw/inc/internal/tt-1xx -I/nix/store/lvjsflhy8x1jbv74jk6992y6s3vbp76a-tt-metal-0.74.0/libexec/tt-metalium/tt_metal/hw/inc/internal/tt-1xx/blackhole -I/nix/store/lvjsflhy8x1jbv74jk6992y6s3vbp76a-tt-metal-0.74.0/libexec/tt-metalium/tt_metal/hw/inc/internal/tt-1xx/blackhole/blackhole_defines -I/nix/store/lvjsflhy8x1jbv74jk6992y6s3vbp76a-tt-metal-0.74.0/libexec/tt-metalium/tt_metal/hw/inc/internal/tt-1xx/blackhole/noc -I/nix/store/lvjsflhy8x1jbv74jk6992y6s3vbp76a-tt-metal-0.74.0/libexec/tt-metalium/tt_metal/tt-llk/tt_llk_blackhole/common/inc -I/nix/store/lvjsflhy8x1jbv74jk6992y6s3vbp76a-tt-metal-0.74.0/libexec/tt-metalium/tt_metal/tt-llk/tt_llk_blackhole/llk_lib -I/nix/store/lvjsflhy8x1jbv74jk6992y6s3vbp76a-tt-metal-0.74.0/libexec/tt-metalium/tt_metal/hw/ckernels/blackhole/metal/llk_api -I/nix/store/lvjsflhy8x1jbv74jk6992y6s3vbp76a-tt-metal-0.74.0/libexec/tt-metalium/tt_metal/hw/ckernels/blackhole/metal/llk_api/llk_sfpu -I/nix/store/lvjsflhy8x1jbv74jk6992y6s3vbp76a-tt-metal-0.74.0/libexec/tt-metalium/tt_metal/hw/firmware/src/tt-1xx -I/nix/store/zx0k9707wbxwm5n1wbmqwxff3dc5wgyk-ttwkv7-unstable-2026-06-22/share/ttwkv7/kernels -c -o /var/tmp/rwkv-ttwkv7-persistent-device-4/cache/tt-metal-cache6727537587126051373/kernels/wkv7_decodeL_compute/4334116936902989630/trisc2/trisck.12238518433466128723.o /nix/store/lvjsflhy8x1jbv74jk6992y6s3vbp76a-tt-metal-0.74.0/libexec/tt-metalium/tt_metal/hw/firmware/src/tt-1xx/trisck.cc -MF /var/tmp/rwkv-ttwkv7-persistent-device-4/cache/tt-metal-cache6727537587126051373/kernels/wkv7_decodeL_compute/4334116936902989630/trisc2/trisck.12238518433466128723.d -DIS_NOT_POW2_NUM_L1_BANKS=1 -DLOG_BASE_2_OF_NUM_DRAM_BANKS=3 -DNUM_DRAM_BANKS=8 -DNUM_L1_BANKS=130 -DPCIE_NOC_X=19 -DPCIE_NOC_Y=24 -DTENSIX_FIRMWARE -DLOCAL_MEM_EN=0 -DPROCESSOR_INDEX=4 -DUCK_CHLKC_PACK -DCOMPILE_FOR_TRISC=2 -DARCH_BLACKHOLE -DDISPATCH_MESSAGE_ADDR=4290184248 -DKERNEL_BUILD -DFULL_KERNEL_NAME="\"wkv7_decodeL_compute/4334116936902989630/\"" 
In file included from ../chlkc_pack.cpp:3,
                 from /nix/store/lvjsflhy8x1jbv74jk6992y6s3vbp76a-tt-metal-0.74.0/libexec/tt-metalium/tt_metal/hw/ckernels/blackhole/metal/common/chlkc_list.h:21,
                 from /nix/store/lvjsflhy8x1jbv74jk6992y6s3vbp76a-tt-metal-0.74.0/libexec/tt-metalium/tt_metal/hw/firmware/src/tt-1xx/trisck.cc:13:
/nix/store/zx0k9707wbxwm5n1wbmqwxff3dc5wgyk-ttwkv7-unstable-2026-06-22/share/ttwkv7/kernels/wkv7_decodeL_compute.cpp: In function 'void kernel_main()':
/nix/store/zx0k9707wbxwm5n1wbmqwxff3dc5wgyk-ttwkv7-unstable-2026-06-22/share/ttwkv7/kernels/wkv7_decodeL_compute.cpp:146:38: warning: 'void ckernel::transpose_wh_init(uint32_t, uint32_t, uint32_t)' is deprecated: Use compute_kernel_hw_startup(icb, ocb) once at the top of the kernel, then transpose_init(icb). See api/compute/transpose.h. [-Wdeprecated-declarations]
  146 |                     transpose_wh_init(cb_msk, cb_a + inp);
      |                     ~~~~~~~~~~~~~~~~~^~~~~~~~~~~~~~~~~~~~
In file included from /nix/store/zx0k9707wbxwm5n1wbmqwxff3dc5wgyk-ttwkv7-unstable-2026-06-22/share/ttwkv7/kernels/wkv7_decodeL_compute.cpp:9:
/nix/store/lvjsflhy8x1jbv74jk6992y6s3vbp76a-tt-metal-0.74.0/libexec/tt-metalium/tt_metal/hw/inc/api/compute/transpose_wh.h:38:1: note: declared here
   38 | transpose_wh_init(uint32_t icb, uint32_t ocb, uint32_t call_line = __builtin_LINE()) {
      | ^~~~~~~~~~~~~~~~~
/nix/store/zx0k9707wbxwm5n1wbmqwxff3dc5wgyk-ttwkv7-unstable-2026-06-22/share/ttwkv7/kernels/wkv7_decodeL_compute.cpp:148:75: warning: 'void ckernel::transpose_wh_tile(uint32_t, uint32_t, uint32_t)' is deprecated: Use transpose_tile(icb, itile, idst). See api/compute/transpose.h. [-Wdeprecated-declarations]
  148 |                     for (uint32_t st = 0; st < St; st++) transpose_wh_tile(cb_msk, st, st);
      |                                                          ~~~~~~~~~~~~~~~~~^~~~~~~~~~~~~~~~
/nix/store/lvjsflhy8x1jbv74jk6992y6s3vbp76a-tt-metal-0.74.0/libexec/tt-metalium/tt_metal/hw/inc/api/compute/transpose_wh.h:114:96: note: declared here
  114 | [[deprecated("Use transpose_tile(icb, itile, idst). See api/compute/transpose.h.")]] ALWI void transpose_wh_tile(
      |                                                                                                ^~~~~~~~~~~~~~~~~
/nix/store/zx0k9707wbxwm5n1wbmqwxff3dc5wgyk-ttwkv7-unstable-2026-06-22/share/ttwkv7/kernels/wkv7_decodeL_compute.cpp:156:56: warning: 'void ckernel::transpose_wh_init(uint32_t, uint32_t, uint32_t)' is deprecated: Use compute_kernel_hw_startup(icb, ocb) once at the top of the kernel, then transpose_init(icb). See api/compute/transpose.h. [-Wdeprecated-declarations]
  156 |                     else if (TR[inp]) transpose_wh_init(c_natstage, cb_a + inp);
      |                                       ~~~~~~~~~~~~~~~~~^~~~~~~~~~~~~~~~~~~~~~~~
/nix/store/lvjsflhy8x1jbv74jk6992y6s3vbp76a-tt-metal-0.74.0/libexec/tt-metalium/tt_metal/hw/inc/api/compute/transpose_wh.h:38:1: note: declared here
   38 | transpose_wh_init(uint32_t icb, uint32_t ocb, uint32_t call_line = __builtin_LINE()) {
      | ^~~~~~~~~~~~~~~~~
/nix/store/zx0k9707wbxwm5n1wbmqwxff3dc5wgyk-ttwkv7-unstable-2026-06-22/share/ttwkv7/kernels/wkv7_decodeL_compute.cpp:161:60: warning: 'void ckernel::transpose_wh_tile(uint32_t, uint32_t, uint32_t)' is deprecated: Use transpose_tile(icb, itile, idst). See api/compute/transpose.h. [-Wdeprecated-declarations]
  161 |                         else if (TR[inp]) transpose_wh_tile(c_natstage, st, st);
      |                                           ~~~~~~~~~~~~~~~~~^~~~~~~~~~~~~~~~~~~~
/nix/store/lvjsflhy8x1jbv74jk6992y6s3vbp76a-tt-metal-0.74.0/libexec/tt-metalium/tt_metal/hw/inc/api/compute/transpose_wh.h:114:96: note: declared here
  114 | [[deprecated("Use transpose_tile(icb, itile, idst). See api/compute/transpose.h.")]] ALWI void transpose_wh_tile(
      |                                                                                                ^~~~~~~~~~~~~~~~~
/nix/store/zx0k9707wbxwm5n1wbmqwxff3dc5wgyk-ttwkv7-unstable-2026-06-22/share/ttwkv7/kernels/wkv7_decodeL_compute.cpp:175:20: warning: 'void ckernel::mm_init(uint32_t, uint32_t, uint32_t, uint32_t, uint32_t)' is deprecated: Use compute_kernel_hw_startup<SrcOrder::Reverse>(in0, in1, out) once at kernel start, then matmul_init(in0, in1, transpose). [-Wdeprecated-declarations]
  175 |             mm_init(cb_state, cb_a, cb_Sa);
      |             ~~~~~~~^~~~~~~~~~~~~~~~~~~~~~~
In file included from /nix/store/zx0k9707wbxwm5n1wbmqwxff3dc5wgyk-ttwkv7-unstable-2026-06-22/share/ttwkv7/kernels/wkv7_decodeL_compute.cpp:8:
/nix/store/lvjsflhy8x1jbv74jk6992y6s3vbp76a-tt-metal-0.74.0/libexec/tt-metalium/tt_metal/hw/inc/api/compute/matmul.h:276:1: note: declared here
  276 | mm_init(
      | ^~~~~~~
/nix/store/zx0k9707wbxwm5n1wbmqwxff3dc5wgyk-ttwkv7-unstable-2026-06-22/share/ttwkv7/kernels/wkv7_decodeL_compute.cpp:193:26: warning: 'void ckernel::mm_init_short(uint32_t, uint32_t, uint32_t, uint32_t)' is deprecated: Renamed to matmul_init(). [-Wdeprecated-declarations]
  193 |             mm_init_short(cb_Sa, cb_b, 0);
      |             ~~~~~~~~~~~~~^~~~~~~~~~~~~~~~
/nix/store/lvjsflhy8x1jbv74jk6992y6s3vbp76a-tt-metal-0.74.0/libexec/tt-metalium/tt_metal/hw/inc/api/compute/matmul.h:344:55: note: declared here
  344 | [[deprecated("Renamed to matmul_init().")]] ALWI void mm_init_short(
      |                                                       ^~~~~~~~~~~~~
/nix/store/zx0k9707wbxwm5n1wbmqwxff3dc5wgyk-ttwkv7-unstable-2026-06-22/share/ttwkv7/kernels/wkv7_decodeL_compute.cpp:195:26: warning: 'void ckernel::mm_init_short(uint32_t, uint32_t, uint32_t, uint32_t)' is deprecated: Renamed to matmul_init(). [-Wdeprecated-declarations]
  195 |             mm_init_short(cb_v, cb_k, 0);
      |             ~~~~~~~~~~~~~^~~~~~~~~~~~~~~
/nix/store/lvjsflhy8x1jbv74jk6992y6s3vbp76a-tt-metal-0.74.0/libexec/tt-metalium/tt_metal/hw/inc/api/compute/matmul.h:344:55: note: declared here
  344 | [[deprecated("Renamed to matmul_init().")]] ALWI void mm_init_short(
      |                                                       ^~~~~~~~~~~~~
/nix/store/zx0k9707wbxwm5n1wbmqwxff3dc5wgyk-ttwkv7-unstable-2026-06-22/share/ttwkv7/kernels/wkv7_decodeL_compute.cpp:204:20: warning: 'void ckernel::mm_init(uint32_t, uint32_t, uint32_t, uint32_t, uint32_t)' is deprecated: Use compute_kernel_hw_startup<SrcOrder::Reverse>(in0, in1, out) once at kernel start, then matmul_init(in0, in1, transpose). [-Wdeprecated-declarations]
  204 |             mm_init(cb_Snew, cb_r, cb_o);
      |             ~~~~~~~^~~~~~~~~~~~~~~~~~~~~
/nix/store/lvjsflhy8x1jbv74jk6992y6s3vbp76a-tt-metal-0.74.0/libexec/tt-metalium/tt_metal/hw/inc/api/compute/matmul.h:276:1: note: declared here
  276 | mm_init(
      | ^~~~~~~
/nix/store/zx0k9707wbxwm5n1wbmqwxff3dc5wgyk-ttwkv7-unstable-2026-06-22/share/ttwkv7/kernels/wkv7_decodeL_compute.cpp:221:30: warning: 'void ckernel::transpose_wh_init(uint32_t, uint32_t, uint32_t)' is deprecated: Use compute_kernel_hw_startup(icb, ocb) once at the top of the kernel, then transpose_init(icb). See api/compute/transpose.h. [-Wdeprecated-declarations]
  221 |             transpose_wh_init(cb_o, cb_out);
      |             ~~~~~~~~~~~~~~~~~^~~~~~~~~~~~~~
/nix/store/lvjsflhy8x1jbv74jk6992y6s3vbp76a-tt-metal-0.74.0/libexec/tt-metalium/tt_metal/hw/inc/api/compute/transpose_wh.h:38:1: note: declared here
   38 | transpose_wh_init(uint32_t icb, uint32_t ocb, uint32_t call_line = __builtin_LINE()) {
      | ^~~~~~~~~~~~~~~~~
/nix/store/zx0k9707wbxwm5n1wbmqwxff3dc5wgyk-ttwkv7-unstable-2026-06-22/share/ttwkv7/kernels/wkv7_decodeL_compute.cpp:223:67: warning: 'void ckernel::transpose_wh_tile(uint32_t, uint32_t, uint32_t)' is deprecated: Use transpose_tile(icb, itile, idst). See api/compute/transpose.h. [-Wdeprecated-declarations]
  223 |             for (uint32_t it = 0; it < St; it++) transpose_wh_tile(cb_o, it, it);
      |                                                  ~~~~~~~~~~~~~~~~~^~~~~~~~~~~~~~
/nix/store/lvjsflhy8x1jbv74jk6992y6s3vbp76a-tt-metal-0.74.0/libexec/tt-metalium/tt_metal/hw/inc/api/compute/transpose_wh.h:114:96: note: declared here
  114 | [[deprecated("Use transpose_tile(icb, itile, idst). See api/compute/transpose.h.")]] ALWI void transpose_wh_tile(
      |                                                                                                ^~~~~~~~~~~~~~~~~
Building trisc0, compile step:
cd /var/tmp/rwkv-ttwkv7-persistent-device-4/cache/tt-metal-cache6727537587126051373/kernels/wkv7_decodeL_compute/4334116936902989630/trisc0/ && /nix/store/lvjsflhy8x1jbv74jk6992y6s3vbp76a-tt-metal-0.74.0/libexec/tt-metalium/runtime/sfpi/compiler/bin/riscv-tt-elf-g++ -O3 -std=c++17 -ftt-nttp -ftt-constinit -ftt-consteval -ftt-no-dyninit -flto=auto -ffast-math -fno-exceptions -fno-rtti -fno-use-cxa-atexit -g -MMD -Wall -Werror -Wno-error=deprecated-declarations -Wno-error=multistatement-macros -Wno-error=parentheses -Wno-error=unused-but-set-variable -Wno-unused-variable -Wno-unused-function -mcpu=tt-bh-tensix -I. -I.. -I/nix/store/lvjsflhy8x1jbv74jk6992y6s3vbp76a-tt-metal-0.74.0/libexec/tt-metalium/ -I/nix/store/lvjsflhy8x1jbv74jk6992y6s3vbp76a-tt-metal-0.74.0/libexec/tt-metalium/ttnn -I/nix/store/lvjsflhy8x1jbv74jk6992y6s3vbp76a-tt-metal-0.74.0/libexec/tt-metalium/ttnn/cpp -I/nix/store/lvjsflhy8x1jbv74jk6992y6s3vbp76a-tt-metal-0.74.0/libexec/tt-metalium/tt_metal -I/nix/store/lvjsflhy8x1jbv74jk6992y6s3vbp76a-tt-metal-0.74.0/libexec/tt-metalium/tt_metal/hw/inc -I/nix/store/lvjsflhy8x1jbv74jk6992y6s3vbp76a-tt-metal-0.74.0/libexec/tt-metalium/tt_metal/tt-llk/common -I/nix/store/lvjsflhy8x1jbv74jk6992y6s3vbp76a-tt-metal-0.74.0/libexec/tt-metalium/tt_metal/hostdevcommon/api -I/nix/store/lvjsflhy8x1jbv74jk6992y6s3vbp76a-tt-metal-0.74.0/libexec/tt-metalium/tt_metal/api/ -I/nix/store/lvjsflhy8x1jbv74jk6992y6s3vbp76a-tt-metal-0.74.0/libexec/tt-metalium/runtime/sfpi/include -I/nix/store/lvjsflhy8x1jbv74jk6992y6s3vbp76a-tt-metal-0.74.0/libexec/tt-metalium/tt_metal/hw/ckernels/blackhole/metal/common -I/nix/store/lvjsflhy8x1jbv74jk6992y6s3vbp76a-tt-metal-0.74.0/libexec/tt-metalium/tt_metal/hw/ckernels/blackhole/metal/llk_io -I/nix/store/lvjsflhy8x1jbv74jk6992y6s3vbp76a-tt-metal-0.74.0/libexec/tt-metalium/tt_metal/hw/inc/internal/tt-1xx -I/nix/store/lvjsflhy8x1jbv74jk6992y6s3vbp76a-tt-metal-0.74.0/libexec/tt-metalium/tt_metal/hw/inc/internal/tt-1xx/blackhole -I/nix/store/lvjsflhy8x1jbv74jk6992y6s3vbp76a-tt-metal-0.74.0/libexec/tt-metalium/tt_metal/hw/inc/internal/tt-1xx/blackhole/blackhole_defines -I/nix/store/lvjsflhy8x1jbv74jk6992y6s3vbp76a-tt-metal-0.74.0/libexec/tt-metalium/tt_metal/hw/inc/internal/tt-1xx/blackhole/noc -I/nix/store/lvjsflhy8x1jbv74jk6992y6s3vbp76a-tt-metal-0.74.0/libexec/tt-metalium/tt_metal/tt-llk/tt_llk_blackhole/common/inc -I/nix/store/lvjsflhy8x1jbv74jk6992y6s3vbp76a-tt-metal-0.74.0/libexec/tt-metalium/tt_metal/tt-llk/tt_llk_blackhole/llk_lib -I/nix/store/lvjsflhy8x1jbv74jk6992y6s3vbp76a-tt-metal-0.74.0/libexec/tt-metalium/tt_metal/hw/ckernels/blackhole/metal/llk_api -I/nix/store/lvjsflhy8x1jbv74jk6992y6s3vbp76a-tt-metal-0.74.0/libexec/tt-metalium/tt_metal/hw/ckernels/blackhole/metal/llk_api/llk_sfpu -I/nix/store/lvjsflhy8x1jbv74jk6992y6s3vbp76a-tt-metal-0.74.0/libexec/tt-metalium/tt_metal/hw/firmware/src/tt-1xx -I/nix/store/zx0k9707wbxwm5n1wbmqwxff3dc5wgyk-ttwkv7-unstable-2026-06-22/share/ttwkv7/kernels -c -o /var/tmp/rwkv-ttwkv7-persistent-device-4/cache/tt-metal-cache6727537587126051373/kernels/wkv7_decodeL_compute/4334116936902989630/trisc0/trisck.12238518433466128723.o /nix/store/lvjsflhy8x1jbv74jk6992y6s3vbp76a-tt-metal-0.74.0/libexec/tt-metalium/tt_metal/hw/firmware/src/tt-1xx/trisck.cc -MF /var/tmp/rwkv-ttwkv7-persistent-device-4/cache/tt-metal-cache6727537587126051373/kernels/wkv7_decodeL_compute/4334116936902989630/trisc0/trisck.12238518433466128723.d -DIS_NOT_POW2_NUM_L1_BANKS=1 -DLOG_BASE_2_OF_NUM_DRAM_BANKS=3 -DNUM_DRAM_BANKS=8 -DNUM_L1_BANKS=130 -DPCIE_NOC_X=19 -DPCIE_NOC_Y=24 -DTENSIX_FIRMWARE -DLOCAL_MEM_EN=0 -DPROCESSOR_INDEX=2 -DUCK_CHLKC_UNPACK -DCOMPILE_FOR_TRISC=0 -DARCH_BLACKHOLE -DDISPATCH_MESSAGE_ADDR=4290184248 -DKERNEL_BUILD -DFULL_KERNEL_NAME="\"wkv7_decodeL_compute/4334116936902989630/\"" 
In file included from ../chlkc_unpack.cpp:3,
                 from /nix/store/lvjsflhy8x1jbv74jk6992y6s3vbp76a-tt-metal-0.74.0/libexec/tt-metalium/tt_metal/hw/ckernels/blackhole/metal/common/chlkc_list.h:26,
                 from /nix/store/lvjsflhy8x1jbv74jk6992y6s3vbp76a-tt-metal-0.74.0/libexec/tt-metalium/tt_metal/hw/firmware/src/tt-1xx/trisck.cc:13:
/nix/store/zx0k9707wbxwm5n1wbmqwxff3dc5wgyk-ttwkv7-unstable-2026-06-22/share/ttwkv7/kernels/wkv7_decodeL_compute.cpp: In function 'void kernel_main()':
/nix/store/zx0k9707wbxwm5n1wbmqwxff3dc5wgyk-ttwkv7-unstable-2026-06-22/share/ttwkv7/kernels/wkv7_decodeL_compute.cpp:146:38: warning: 'void ckernel::transpose_wh_init(uint32_t, uint32_t, uint32_t)' is deprecated: Use compute_kernel_hw_startup(icb, ocb) once at the top of the kernel, then transpose_init(icb). See api/compute/transpose.h. [-Wdeprecated-declarations]
  146 |                     transpose_wh_init(cb_msk, cb_a + inp);
      |                     ~~~~~~~~~~~~~~~~~^~~~~~~~~~~~~~~~~~~~
In file included from /nix/store/zx0k9707wbxwm5n1wbmqwxff3dc5wgyk-ttwkv7-unstable-2026-06-22/share/ttwkv7/kernels/wkv7_decodeL_compute.cpp:9:
/nix/store/lvjsflhy8x1jbv74jk6992y6s3vbp76a-tt-metal-0.74.0/libexec/tt-metalium/tt_metal/hw/inc/api/compute/transpose_wh.h:38:1: note: declared here
   38 | transpose_wh_init(uint32_t icb, uint32_t ocb, uint32_t call_line = __builtin_LINE()) {
      | ^~~~~~~~~~~~~~~~~
/nix/store/zx0k9707wbxwm5n1wbmqwxff3dc5wgyk-ttwkv7-unstable-2026-06-22/share/ttwkv7/kernels/wkv7_decodeL_compute.cpp:148:75: warning: 'void ckernel::transpose_wh_tile(uint32_t, uint32_t, uint32_t)' is deprecated: Use transpose_tile(icb, itile, idst). See api/compute/transpose.h. [-Wdeprecated-declarations]
  148 |                     for (uint32_t st = 0; st < St; st++) transpose_wh_tile(cb_msk, st, st);
      |                                                          ~~~~~~~~~~~~~~~~~^~~~~~~~~~~~~~~~
/nix/store/lvjsflhy8x1jbv74jk6992y6s3vbp76a-tt-metal-0.74.0/libexec/tt-metalium/tt_metal/hw/inc/api/compute/transpose_wh.h:114:96: note: declared here
  114 | [[deprecated("Use transpose_tile(icb, itile, idst). See api/compute/transpose.h.")]] ALWI void transpose_wh_tile(
      |                                                                                                ^~~~~~~~~~~~~~~~~
/nix/store/zx0k9707wbxwm5n1wbmqwxff3dc5wgyk-ttwkv7-unstable-2026-06-22/share/ttwkv7/kernels/wkv7_decodeL_compute.cpp:156:56: warning: 'void ckernel::transpose_wh_init(uint32_t, uint32_t, uint32_t)' is deprecated: Use compute_kernel_hw_startup(icb, ocb) once at the top of the kernel, then transpose_init(icb). See api/compute/transpose.h. [-Wdeprecated-declarations]
  156 |                     else if (TR[inp]) transpose_wh_init(c_natstage, cb_a + inp);
      |                                       ~~~~~~~~~~~~~~~~~^~~~~~~~~~~~~~~~~~~~~~~~
/nix/store/lvjsflhy8x1jbv74jk6992y6s3vbp76a-tt-metal-0.74.0/libexec/tt-metalium/tt_metal/hw/inc/api/compute/transpose_wh.h:38:1: note: declared here
   38 | transpose_wh_init(uint32_t icb, uint32_t ocb, uint32_t call_line = __builtin_LINE()) {
      | ^~~~~~~~~~~~~~~~~
/nix/store/zx0k9707wbxwm5n1wbmqwxff3dc5wgyk-ttwkv7-unstable-2026-06-22/share/ttwkv7/kernels/wkv7_decodeL_compute.cpp:161:60: warning: 'void ckernel::transpose_wh_tile(uint32_t, uint32_t, uint32_t)' is deprecated: Use transpose_tile(icb, itile, idst). See api/compute/transpose.h. [-Wdeprecated-declarations]
  161 |                         else if (TR[inp]) transpose_wh_tile(c_natstage, st, st);
      |                                           ~~~~~~~~~~~~~~~~~^~~~~~~~~~~~~~~~~~~~
/nix/store/lvjsflhy8x1jbv74jk6992y6s3vbp76a-tt-metal-0.74.0/libexec/tt-metalium/tt_metal/hw/inc/api/compute/transpose_wh.h:114:96: note: declared here
  114 | [[deprecated("Use transpose_tile(icb, itile, idst). See api/compute/transpose.h.")]] ALWI void transpose_wh_tile(
      |                                                                                                ^~~~~~~~~~~~~~~~~
/nix/store/zx0k9707wbxwm5n1wbmqwxff3dc5wgyk-ttwkv7-unstable-2026-06-22/share/ttwkv7/kernels/wkv7_decodeL_compute.cpp:175:20: warning: 'void ckernel::mm_init(uint32_t, uint32_t, uint32_t, uint32_t, uint32_t)' is deprecated: Use compute_kernel_hw_startup<SrcOrder::Reverse>(in0, in1, out) once at kernel start, then matmul_init(in0, in1, transpose). [-Wdeprecated-declarations]
  175 |             mm_init(cb_state, cb_a, cb_Sa);
      |             ~~~~~~~^~~~~~~~~~~~~~~~~~~~~~~
In file included from /nix/store/zx0k9707wbxwm5n1wbmqwxff3dc5wgyk-ttwkv7-unstable-2026-06-22/share/ttwkv7/kernels/wkv7_decodeL_compute.cpp:8:
/nix/store/lvjsflhy8x1jbv74jk6992y6s3vbp76a-tt-metal-0.74.0/libexec/tt-metalium/tt_metal/hw/inc/api/compute/matmul.h:276:1: note: declared here
  276 | mm_init(
      | ^~~~~~~
/nix/store/zx0k9707wbxwm5n1wbmqwxff3dc5wgyk-ttwkv7-unstable-2026-06-22/share/ttwkv7/kernels/wkv7_decodeL_compute.cpp:193:26: warning: 'void ckernel::mm_init_short(uint32_t, uint32_t, uint32_t, uint32_t)' is deprecated: Renamed to matmul_init(). [-Wdeprecated-declarations]
  193 |             mm_init_short(cb_Sa, cb_b, 0);
      |             ~~~~~~~~~~~~~^~~~~~~~~~~~~~~~
/nix/store/lvjsflhy8x1jbv74jk6992y6s3vbp76a-tt-metal-0.74.0/libexec/tt-metalium/tt_metal/hw/inc/api/compute/matmul.h:344:55: note: declared here
  344 | [[deprecated("Renamed to matmul_init().")]] ALWI void mm_init_short(
      |                                                       ^~~~~~~~~~~~~
/nix/store/zx0k9707wbxwm5n1wbmqwxff3dc5wgyk-ttwkv7-unstable-2026-06-22/share/ttwkv7/kernels/wkv7_decodeL_compute.cpp:195:26: warning: 'void ckernel::mm_init_short(uint32_t, uint32_t, uint32_t, uint32_t)' is deprecated: Renamed to matmul_init(). [-Wdeprecated-declarations]
  195 |             mm_init_short(cb_v, cb_k, 0);
      |             ~~~~~~~~~~~~~^~~~~~~~~~~~~~~
/nix/store/lvjsflhy8x1jbv74jk6992y6s3vbp76a-tt-metal-0.74.0/libexec/tt-metalium/tt_metal/hw/inc/api/compute/matmul.h:344:55: note: declared here
  344 | [[deprecated("Renamed to matmul_init().")]] ALWI void mm_init_short(
      |                                                       ^~~~~~~~~~~~~
/nix/store/zx0k9707wbxwm5n1wbmqwxff3dc5wgyk-ttwkv7-unstable-2026-06-22/share/ttwkv7/kernels/wkv7_decodeL_compute.cpp:204:20: warning: 'void ckernel::mm_init(uint32_t, uint32_t, uint32_t, uint32_t, uint32_t)' is deprecated: Use compute_kernel_hw_startup<SrcOrder::Reverse>(in0, in1, out) once at kernel start, then matmul_init(in0, in1, transpose). [-Wdeprecated-declarations]
  204 |             mm_init(cb_Snew, cb_r, cb_o);
      |             ~~~~~~~^~~~~~~~~~~~~~~~~~~~~
/nix/store/lvjsflhy8x1jbv74jk6992y6s3vbp76a-tt-metal-0.74.0/libexec/tt-metalium/tt_metal/hw/inc/api/compute/matmul.h:276:1: note: declared here
  276 | mm_init(
      | ^~~~~~~
/nix/store/zx0k9707wbxwm5n1wbmqwxff3dc5wgyk-ttwkv7-unstable-2026-06-22/share/ttwkv7/kernels/wkv7_decodeL_compute.cpp:221:30: warning: 'void ckernel::transpose_wh_init(uint32_t, uint32_t, uint32_t)' is deprecated: Use compute_kernel_hw_startup(icb, ocb) once at the top of the kernel, then transpose_init(icb). See api/compute/transpose.h. [-Wdeprecated-declarations]
  221 |             transpose_wh_init(cb_o, cb_out);
      |             ~~~~~~~~~~~~~~~~~^~~~~~~~~~~~~~
/nix/store/lvjsflhy8x1jbv74jk6992y6s3vbp76a-tt-metal-0.74.0/libexec/tt-metalium/tt_metal/hw/inc/api/compute/transpose_wh.h:38:1: note: declared here
   38 | transpose_wh_init(uint32_t icb, uint32_t ocb, uint32_t call_line = __builtin_LINE()) {
      | ^~~~~~~~~~~~~~~~~
/nix/store/zx0k9707wbxwm5n1wbmqwxff3dc5wgyk-ttwkv7-unstable-2026-06-22/share/ttwkv7/kernels/wkv7_decodeL_compute.cpp:223:67: warning: 'void ckernel::transpose_wh_tile(uint32_t, uint32_t, uint32_t)' is deprecated: Use transpose_tile(icb, itile, idst). See api/compute/transpose.h. [-Wdeprecated-declarations]
  223 |             for (uint32_t it = 0; it < St; it++) transpose_wh_tile(cb_o, it, it);
      |                                                  ~~~~~~~~~~~~~~~~~^~~~~~~~~~~~~~
/nix/store/lvjsflhy8x1jbv74jk6992y6s3vbp76a-tt-metal-0.74.0/libexec/tt-metalium/tt_metal/hw/inc/api/compute/transpose_wh.h:114:96: note: declared here
  114 | [[deprecated("Use transpose_tile(icb, itile, idst). See api/compute/transpose.h.")]] ALWI void transpose_wh_tile(
      |                                                                                                ^~~~~~~~~~~~~~~~~
Building trisc1, compile step:
cd /var/tmp/rwkv-ttwkv7-persistent-device-4/cache/tt-metal-cache6727537587126051373/kernels/wkv7_decodeL_compute/4334116936902989630/trisc1/ && /nix/store/lvjsflhy8x1jbv74jk6992y6s3vbp76a-tt-metal-0.74.0/libexec/tt-metalium/runtime/sfpi/compiler/bin/riscv-tt-elf-g++ -O3 -std=c++17 -ftt-nttp -ftt-constinit -ftt-consteval -ftt-no-dyninit -flto=auto -ffast-math -fno-exceptions -fno-rtti -fno-use-cxa-atexit -g -MMD -Wall -Werror -Wno-error=deprecated-declarations -Wno-error=multistatement-macros -Wno-error=parentheses -Wno-error=unused-but-set-variable -Wno-unused-variable -Wno-unused-function -mcpu=tt-bh-tensix -I. -I.. -I/nix/store/lvjsflhy8x1jbv74jk6992y6s3vbp76a-tt-metal-0.74.0/libexec/tt-metalium/ -I/nix/store/lvjsflhy8x1jbv74jk6992y6s3vbp76a-tt-metal-0.74.0/libexec/tt-metalium/ttnn -I/nix/store/lvjsflhy8x1jbv74jk6992y6s3vbp76a-tt-metal-0.74.0/libexec/tt-metalium/ttnn/cpp -I/nix/store/lvjsflhy8x1jbv74jk6992y6s3vbp76a-tt-metal-0.74.0/libexec/tt-metalium/tt_metal -I/nix/store/lvjsflhy8x1jbv74jk6992y6s3vbp76a-tt-metal-0.74.0/libexec/tt-metalium/tt_metal/hw/inc -I/nix/store/lvjsflhy8x1jbv74jk6992y6s3vbp76a-tt-metal-0.74.0/libexec/tt-metalium/tt_metal/tt-llk/common -I/nix/store/lvjsflhy8x1jbv74jk6992y6s3vbp76a-tt-metal-0.74.0/libexec/tt-metalium/tt_metal/hostdevcommon/api -I/nix/store/lvjsflhy8x1jbv74jk6992y6s3vbp76a-tt-metal-0.74.0/libexec/tt-metalium/tt_metal/api/ -I/nix/store/lvjsflhy8x1jbv74jk6992y6s3vbp76a-tt-metal-0.74.0/libexec/tt-metalium/runtime/sfpi/include -I/nix/store/lvjsflhy8x1jbv74jk6992y6s3vbp76a-tt-metal-0.74.0/libexec/tt-metalium/tt_metal/hw/ckernels/blackhole/metal/common -I/nix/store/lvjsflhy8x1jbv74jk6992y6s3vbp76a-tt-metal-0.74.0/libexec/tt-metalium/tt_metal/hw/ckernels/blackhole/metal/llk_io -I/nix/store/lvjsflhy8x1jbv74jk6992y6s3vbp76a-tt-metal-0.74.0/libexec/tt-metalium/tt_metal/hw/inc/internal/tt-1xx -I/nix/store/lvjsflhy8x1jbv74jk6992y6s3vbp76a-tt-metal-0.74.0/libexec/tt-metalium/tt_metal/hw/inc/internal/tt-1xx/blackhole -I/nix/store/lvjsflhy8x1jbv74jk6992y6s3vbp76a-tt-metal-0.74.0/libexec/tt-metalium/tt_metal/hw/inc/internal/tt-1xx/blackhole/blackhole_defines -I/nix/store/lvjsflhy8x1jbv74jk6992y6s3vbp76a-tt-metal-0.74.0/libexec/tt-metalium/tt_metal/hw/inc/internal/tt-1xx/blackhole/noc -I/nix/store/lvjsflhy8x1jbv74jk6992y6s3vbp76a-tt-metal-0.74.0/libexec/tt-metalium/tt_metal/tt-llk/tt_llk_blackhole/common/inc -I/nix/store/lvjsflhy8x1jbv74jk6992y6s3vbp76a-tt-metal-0.74.0/libexec/tt-metalium/tt_metal/tt-llk/tt_llk_blackhole/llk_lib -I/nix/store/lvjsflhy8x1jbv74jk6992y6s3vbp76a-tt-metal-0.74.0/libexec/tt-metalium/tt_metal/hw/ckernels/blackhole/metal/llk_api -I/nix/store/lvjsflhy8x1jbv74jk6992y6s3vbp76a-tt-metal-0.74.0/libexec/tt-metalium/tt_metal/hw/ckernels/blackhole/metal/llk_api/llk_sfpu -I/nix/store/lvjsflhy8x1jbv74jk6992y6s3vbp76a-tt-metal-0.74.0/libexec/tt-metalium/tt_metal/hw/firmware/src/tt-1xx -I/nix/store/zx0k9707wbxwm5n1wbmqwxff3dc5wgyk-ttwkv7-unstable-2026-06-22/share/ttwkv7/kernels -c -o /var/tmp/rwkv-ttwkv7-persistent-device-4/cache/tt-metal-cache6727537587126051373/kernels/wkv7_decodeL_compute/4334116936902989630/trisc1/trisck.12238518433466128723.o /nix/store/lvjsflhy8x1jbv74jk6992y6s3vbp76a-tt-metal-0.74.0/libexec/tt-metalium/tt_metal/hw/firmware/src/tt-1xx/trisck.cc -MF /var/tmp/rwkv-ttwkv7-persistent-device-4/cache/tt-metal-cache6727537587126051373/kernels/wkv7_decodeL_compute/4334116936902989630/trisc1/trisck.12238518433466128723.d -DIS_NOT_POW2_NUM_L1_BANKS=1 -DLOG_BASE_2_OF_NUM_DRAM_BANKS=3 -DNUM_DRAM_BANKS=8 -DNUM_L1_BANKS=130 -DPCIE_NOC_X=19 -DPCIE_NOC_Y=24 -DTENSIX_FIRMWARE -DLOCAL_MEM_EN=0 -DPROCESSOR_INDEX=3 -DUCK_CHLKC_MATH -DCOMPILE_FOR_TRISC=1 -DARCH_BLACKHOLE -DDISPATCH_MESSAGE_ADDR=4290184248 -DKERNEL_BUILD -DFULL_KERNEL_NAME="\"wkv7_decodeL_compute/4334116936902989630/\"" 
In file included from ../chlkc_math.cpp:3,
                 from /nix/store/lvjsflhy8x1jbv74jk6992y6s3vbp76a-tt-metal-0.74.0/libexec/tt-metalium/tt_metal/hw/ckernels/blackhole/metal/common/chlkc_list.h:16,
                 from /nix/store/lvjsflhy8x1jbv74jk6992y6s3vbp76a-tt-metal-0.74.0/libexec/tt-metalium/tt_metal/hw/firmware/src/tt-1xx/trisck.cc:13:
/nix/store/zx0k9707wbxwm5n1wbmqwxff3dc5wgyk-ttwkv7-unstable-2026-06-22/share/ttwkv7/kernels/wkv7_decodeL_compute.cpp: In function 'void kernel_main()':
/nix/store/zx0k9707wbxwm5n1wbmqwxff3dc5wgyk-ttwkv7-unstable-2026-06-22/share/ttwkv7/kernels/wkv7_decodeL_compute.cpp:146:38: warning: 'void ckernel::transpose_wh_init(uint32_t, uint32_t, uint32_t)' is deprecated: Use compute_kernel_hw_startup(icb, ocb) once at the top of the kernel, then transpose_init(icb). See api/compute/transpose.h. [-Wdeprecated-declarations]
  146 |                     transpose_wh_init(cb_msk, cb_a + inp);
      |                     ~~~~~~~~~~~~~~~~~^~~~~~~~~~~~~~~~~~~~
In file included from /nix/store/zx0k9707wbxwm5n1wbmqwxff3dc5wgyk-ttwkv7-unstable-2026-06-22/share/ttwkv7/kernels/wkv7_decodeL_compute.cpp:9:
/nix/store/lvjsflhy8x1jbv74jk6992y6s3vbp76a-tt-metal-0.74.0/libexec/tt-metalium/tt_metal/hw/inc/api/compute/transpose_wh.h:38:1: note: declared here
   38 | transpose_wh_init(uint32_t icb, uint32_t ocb, uint32_t call_line = __builtin_LINE()) {
      | ^~~~~~~~~~~~~~~~~
/nix/store/zx0k9707wbxwm5n1wbmqwxff3dc5wgyk-ttwkv7-unstable-2026-06-22/share/ttwkv7/kernels/wkv7_decodeL_compute.cpp:148:75: warning: 'void ckernel::transpose_wh_tile(uint32_t, uint32_t, uint32_t)' is deprecated: Use transpose_tile(icb, itile, idst). See api/compute/transpose.h. [-Wdeprecated-declarations]
  148 |                     for (uint32_t st = 0; st < St; st++) transpose_wh_tile(cb_msk, st, st);
      |                                                          ~~~~~~~~~~~~~~~~~^~~~~~~~~~~~~~~~
/nix/store/lvjsflhy8x1jbv74jk6992y6s3vbp76a-tt-metal-0.74.0/libexec/tt-metalium/tt_metal/hw/inc/api/compute/transpose_wh.h:114:96: note: declared here
  114 | [[deprecated("Use transpose_tile(icb, itile, idst). See api/compute/transpose.h.")]] ALWI void transpose_wh_tile(
      |                                                                                                ^~~~~~~~~~~~~~~~~
/nix/store/zx0k9707wbxwm5n1wbmqwxff3dc5wgyk-ttwkv7-unstable-2026-06-22/share/ttwkv7/kernels/wkv7_decodeL_compute.cpp:156:56: warning: 'void ckernel::transpose_wh_init(uint32_t, uint32_t, uint32_t)' is deprecated: Use compute_kernel_hw_startup(icb, ocb) once at the top of the kernel, then transpose_init(icb). See api/compute/transpose.h. [-Wdeprecated-declarations]
  156 |                     else if (TR[inp]) transpose_wh_init(c_natstage, cb_a + inp);
      |                                       ~~~~~~~~~~~~~~~~~^~~~~~~~~~~~~~~~~~~~~~~~
/nix/store/lvjsflhy8x1jbv74jk6992y6s3vbp76a-tt-metal-0.74.0/libexec/tt-metalium/tt_metal/hw/inc/api/compute/transpose_wh.h:38:1: note: declared here
   38 | transpose_wh_init(uint32_t icb, uint32_t ocb, uint32_t call_line = __builtin_LINE()) {
      | ^~~~~~~~~~~~~~~~~
/nix/store/zx0k9707wbxwm5n1wbmqwxff3dc5wgyk-ttwkv7-unstable-2026-06-22/share/ttwkv7/kernels/wkv7_decodeL_compute.cpp:161:60: warning: 'void ckernel::transpose_wh_tile(uint32_t, uint32_t, uint32_t)' is deprecated: Use transpose_tile(icb, itile, idst). See api/compute/transpose.h. [-Wdeprecated-declarations]
  161 |                         else if (TR[inp]) transpose_wh_tile(c_natstage, st, st);
      |                                           ~~~~~~~~~~~~~~~~~^~~~~~~~~~~~~~~~~~~~
/nix/store/lvjsflhy8x1jbv74jk6992y6s3vbp76a-tt-metal-0.74.0/libexec/tt-metalium/tt_metal/hw/inc/api/compute/transpose_wh.h:114:96: note: declared here
  114 | [[deprecated("Use transpose_tile(icb, itile, idst). See api/compute/transpose.h.")]] ALWI void transpose_wh_tile(
      |                                                                                                ^~~~~~~~~~~~~~~~~
/nix/store/zx0k9707wbxwm5n1wbmqwxff3dc5wgyk-ttwkv7-unstable-2026-06-22/share/ttwkv7/kernels/wkv7_decodeL_compute.cpp:175:20: warning: 'void ckernel::mm_init(uint32_t, uint32_t, uint32_t, uint32_t, uint32_t)' is deprecated: Use compute_kernel_hw_startup<SrcOrder::Reverse>(in0, in1, out) once at kernel start, then matmul_init(in0, in1, transpose). [-Wdeprecated-declarations]
  175 |             mm_init(cb_state, cb_a, cb_Sa);
      |             ~~~~~~~^~~~~~~~~~~~~~~~~~~~~~~
In file included from /nix/store/zx0k9707wbxwm5n1wbmqwxff3dc5wgyk-ttwkv7-unstable-2026-06-22/share/ttwkv7/kernels/wkv7_decodeL_compute.cpp:8:
/nix/store/lvjsflhy8x1jbv74jk6992y6s3vbp76a-tt-metal-0.74.0/libexec/tt-metalium/tt_metal/hw/inc/api/compute/matmul.h:276:1: note: declared here
  276 | mm_init(
      | ^~~~~~~
/nix/store/zx0k9707wbxwm5n1wbmqwxff3dc5wgyk-ttwkv7-unstable-2026-06-22/share/ttwkv7/kernels/wkv7_decodeL_compute.cpp:193:26: warning: 'void ckernel::mm_init_short(uint32_t, uint32_t, uint32_t, uint32_t)' is deprecated: Renamed to matmul_init(). [-Wdeprecated-declarations]
  193 |             mm_init_short(cb_Sa, cb_b, 0);
      |             ~~~~~~~~~~~~~^~~~~~~~~~~~~~~~
/nix/store/lvjsflhy8x1jbv74jk6992y6s3vbp76a-tt-metal-0.74.0/libexec/tt-metalium/tt_metal/hw/inc/api/compute/matmul.h:344:55: note: declared here
  344 | [[deprecated("Renamed to matmul_init().")]] ALWI void mm_init_short(
      |                                                       ^~~~~~~~~~~~~
/nix/store/zx0k9707wbxwm5n1wbmqwxff3dc5wgyk-ttwkv7-unstable-2026-06-22/share/ttwkv7/kernels/wkv7_decodeL_compute.cpp:195:26: warning: 'void ckernel::mm_init_short(uint32_t, uint32_t, uint32_t, uint32_t)' is deprecated: Renamed to matmul_init(). [-Wdeprecated-declarations]
  195 |             mm_init_short(cb_v, cb_k, 0);
      |             ~~~~~~~~~~~~~^~~~~~~~~~~~~~~
/nix/store/lvjsflhy8x1jbv74jk6992y6s3vbp76a-tt-metal-0.74.0/libexec/tt-metalium/tt_metal/hw/inc/api/compute/matmul.h:344:55: note: declared here
  344 | [[deprecated("Renamed to matmul_init().")]] ALWI void mm_init_short(
      |                                                       ^~~~~~~~~~~~~
/nix/store/zx0k9707wbxwm5n1wbmqwxff3dc5wgyk-ttwkv7-unstable-2026-06-22/share/ttwkv7/kernels/wkv7_decodeL_compute.cpp:204:20: warning: 'void ckernel::mm_init(uint32_t, uint32_t, uint32_t, uint32_t, uint32_t)' is deprecated: Use compute_kernel_hw_startup<SrcOrder::Reverse>(in0, in1, out) once at kernel start, then matmul_init(in0, in1, transpose). [-Wdeprecated-declarations]
  204 |             mm_init(cb_Snew, cb_r, cb_o);
      |             ~~~~~~~^~~~~~~~~~~~~~~~~~~~~
/nix/store/lvjsflhy8x1jbv74jk6992y6s3vbp76a-tt-metal-0.74.0/libexec/tt-metalium/tt_metal/hw/inc/api/compute/matmul.h:276:1: note: declared here
  276 | mm_init(
      | ^~~~~~~
/nix/store/zx0k9707wbxwm5n1wbmqwxff3dc5wgyk-ttwkv7-unstable-2026-06-22/share/ttwkv7/kernels/wkv7_decodeL_compute.cpp:221:30: warning: 'void ckernel::transpose_wh_init(uint32_t, uint32_t, uint32_t)' is deprecated: Use compute_kernel_hw_startup(icb, ocb) once at the top of the kernel, then transpose_init(icb). See api/compute/transpose.h. [-Wdeprecated-declarations]
  221 |             transpose_wh_init(cb_o, cb_out);
      |             ~~~~~~~~~~~~~~~~~^~~~~~~~~~~~~~
/nix/store/lvjsflhy8x1jbv74jk6992y6s3vbp76a-tt-metal-0.74.0/libexec/tt-metalium/tt_metal/hw/inc/api/compute/transpose_wh.h:38:1: note: declared here
   38 | transpose_wh_init(uint32_t icb, uint32_t ocb, uint32_t call_line = __builtin_LINE()) {
      | ^~~~~~~~~~~~~~~~~
/nix/store/zx0k9707wbxwm5n1wbmqwxff3dc5wgyk-ttwkv7-unstable-2026-06-22/share/ttwkv7/kernels/wkv7_decodeL_compute.cpp:223:67: warning: 'void ckernel::transpose_wh_tile(uint32_t, uint32_t, uint32_t)' is deprecated: Use transpose_tile(icb, itile, idst). See api/compute/transpose.h. [-Wdeprecated-declarations]
  223 |             for (uint32_t it = 0; it < St; it++) transpose_wh_tile(cb_o, it, it);
      |                                                  ~~~~~~~~~~~~~~~~~^~~~~~~~~~~~~~
/nix/store/lvjsflhy8x1jbv74jk6992y6s3vbp76a-tt-metal-0.74.0/libexec/tt-metalium/tt_metal/hw/inc/api/compute/transpose_wh.h:114:96: note: declared here
  114 | [[deprecated("Use transpose_tile(icb, itile, idst). See api/compute/transpose.h.")]] ALWI void transpose_wh_tile(
      |                                                                                                ^~~~~~~~~~~~~~~~~
