2026-07-17 18:49:54.355 | info     |          Device | Opening user mode device driver (tt_cluster.cpp:228)
2026-07-17 18:49:54.355 | info     |             UMD | Cluster constructor started. (cluster.cpp:348)
2026-07-17 18:49:54.356 | info     |             UMD | Creating TopologyDiscovery for architecture: blackhole (topology_discovery.cpp:95)
2026-07-17 18:49:54.356 | info     |             UMD | Starting topology discovery. (topology_discovery.cpp:114)
2026-07-17 18:49:54.357 | warning  |             UMD | Setting power state failed on device 1: Invalid argument (pci_device.cpp:1073)
2026-07-17 18:49:54.358 | info     |             UMD | Established firmware bundle version: 18.8.0 (topology_discovery.cpp:574)
2026-07-17 18:49:54.358 | info     |             UMD | Completed topology discovery. (topology_discovery.cpp:118)
2026-07-17 18:49:54.418 | warning  |             UMD | Setting power state failed on device 1: Invalid argument (pci_device.cpp:1073)
2026-07-17 18:49:54.418 | info     |             UMD | Opening local chip ids/PCIe ids: {0}/[1] and remote chip ids {} (cluster.cpp:162)
2026-07-17 18:49:54.418 | info     |             UMD | IOMMU: enabled (cluster.cpp:142)
2026-07-17 18:49:54.418 | info     |             UMD | KMD version: 2.10.1 (cluster.cpp:145)
2026-07-17 18:49:54.418 | info     |             UMD | Cluster constructor completed. (cluster.cpp:520)
2026-07-17 18:49:54.420 | info     |             UMD | Starting devices in cluster (cluster.cpp:1024)
2026-07-17 18:49:54.477 | info     |             UMD | Starting devices in cluster completed. (cluster.cpp:1032)
2026-07-17 18:49:54.507 | warning  |       LLRuntime | Blackhole multi erisc mode requires ethernet firmware version 1.7.0 or higher, but detected version 1.4.2. Automatically falling back to single erisc mode for compatibility. (firmware_capability.cpp:31)
2026-07-17 18:49:56.718 | info     |     Distributed | Using auto discovery to generate mesh graph. (metal_env.cpp:408)
2026-07-17 18:49:56.718 | info     |     Distributed | Constructing control plane using auto-discovery (no mesh graph descriptor). (metal_env.cpp:470)
2026-07-17 18:49:56.728 | warning  |          Always | Unknown motherboard 'ProArt X870E-CREATOR WIFI' for chip_id=0 (bus_id=0x3) — falling back to bus_id as tray_id. Add this motherboard and its bus IDs to mobo_to_bus_ids in physical_system_discovery.cpp. (physical_system_discovery.cpp:83)
2026-07-17 18:49:56.730 | info     |          Fabric | Logical multi-mesh adjacency: intermesh degree histogram {0:1}; intra-mesh degree histograms mesh0 {0:1} (topology_mapper_utils.cpp:2338)
2026-07-17 18:49:56.730 | info     |          Fabric | Physical multi-mesh adjacency: intermesh degree histogram {0:1}; intra-mesh degree histograms mesh0 {0:1} (topology_mapper_utils.cpp:2346)
2026-07-17 18:49:56.731 | warning  |          Fabric | Failed to export physical chip mesh coordinate mapping: filesystem error: cannot create directories: Read-only file system [/nix/store/lvjsflhy8x1jbv74jk6992y6s3vbp76a-tt-metal-0.74.0/libexec/tt-metalium/generated/fabric] (control_plane.cpp:597)
2026-07-17 18:49:56.731 | warning  |          Fabric | Failed to export ASIC to Fabric node ID mapping: filesystem error: cannot create directories: Read-only file system [/nix/store/lvjsflhy8x1jbv74jk6992y6s3vbp76a-tt-metal-0.74.0/libexec/tt-metalium/generated/fabric] (control_plane.cpp:606)
2026-07-17 18:49:58.764 | info     |           Metal | ShmResourceTracker: removed orphaned shm '/tt_device_141176418206144_memory' (shm_resource_tracker.cpp:282)
2026-07-17 18:49:59.735 | info     |           Metal | [Real-time profiler] Device 0 sync complete: 100 samples, frequency=1.349988 GHz, device_time_at_sync=105517027251427 cycles (realtime_profiler_manager.cpp:1120)
Building trisc0, compile step:
cd /var/tmp/rwkv-ttwkv7-boundary-device-2/cache/tt-metal-cache6727537587126051373/kernels/wkv7_decodeL_compute/1071634594237651124/trisc0/ && /nix/store/lvjsflhy8x1jbv74jk6992y6s3vbp76a-tt-metal-0.74.0/libexec/tt-metalium/runtime/sfpi/compiler/bin/riscv-tt-elf-g++ -O3 -std=c++17 -ftt-nttp -ftt-constinit -ftt-consteval -ftt-no-dyninit -flto=auto -ffast-math -fno-exceptions -fno-rtti -fno-use-cxa-atexit -g -MMD -Wall -Werror -Wno-error=deprecated-declarations -Wno-error=multistatement-macros -Wno-error=parentheses -Wno-error=unused-but-set-variable -Wno-unused-variable -Wno-unused-function -mcpu=tt-bh-tensix -I. -I.. -I/nix/store/lvjsflhy8x1jbv74jk6992y6s3vbp76a-tt-metal-0.74.0/libexec/tt-metalium/ -I/nix/store/lvjsflhy8x1jbv74jk6992y6s3vbp76a-tt-metal-0.74.0/libexec/tt-metalium/ttnn -I/nix/store/lvjsflhy8x1jbv74jk6992y6s3vbp76a-tt-metal-0.74.0/libexec/tt-metalium/ttnn/cpp -I/nix/store/lvjsflhy8x1jbv74jk6992y6s3vbp76a-tt-metal-0.74.0/libexec/tt-metalium/tt_metal -I/nix/store/lvjsflhy8x1jbv74jk6992y6s3vbp76a-tt-metal-0.74.0/libexec/tt-metalium/tt_metal/hw/inc -I/nix/store/lvjsflhy8x1jbv74jk6992y6s3vbp76a-tt-metal-0.74.0/libexec/tt-metalium/tt_metal/tt-llk/common -I/nix/store/lvjsflhy8x1jbv74jk6992y6s3vbp76a-tt-metal-0.74.0/libexec/tt-metalium/tt_metal/hostdevcommon/api -I/nix/store/lvjsflhy8x1jbv74jk6992y6s3vbp76a-tt-metal-0.74.0/libexec/tt-metalium/tt_metal/api/ -I/nix/store/lvjsflhy8x1jbv74jk6992y6s3vbp76a-tt-metal-0.74.0/libexec/tt-metalium/runtime/sfpi/include -I/nix/store/lvjsflhy8x1jbv74jk6992y6s3vbp76a-tt-metal-0.74.0/libexec/tt-metalium/tt_metal/hw/ckernels/blackhole/metal/common -I/nix/store/lvjsflhy8x1jbv74jk6992y6s3vbp76a-tt-metal-0.74.0/libexec/tt-metalium/tt_metal/hw/ckernels/blackhole/metal/llk_io -I/nix/store/lvjsflhy8x1jbv74jk6992y6s3vbp76a-tt-metal-0.74.0/libexec/tt-metalium/tt_metal/hw/inc/internal/tt-1xx -I/nix/store/lvjsflhy8x1jbv74jk6992y6s3vbp76a-tt-metal-0.74.0/libexec/tt-metalium/tt_metal/hw/inc/internal/tt-1xx/blackhole -I/nix/store/lvjsflhy8x1jbv74jk6992y6s3vbp76a-tt-metal-0.74.0/libexec/tt-metalium/tt_metal/hw/inc/internal/tt-1xx/blackhole/blackhole_defines -I/nix/store/lvjsflhy8x1jbv74jk6992y6s3vbp76a-tt-metal-0.74.0/libexec/tt-metalium/tt_metal/hw/inc/internal/tt-1xx/blackhole/noc -I/nix/store/lvjsflhy8x1jbv74jk6992y6s3vbp76a-tt-metal-0.74.0/libexec/tt-metalium/tt_metal/tt-llk/tt_llk_blackhole/common/inc -I/nix/store/lvjsflhy8x1jbv74jk6992y6s3vbp76a-tt-metal-0.74.0/libexec/tt-metalium/tt_metal/tt-llk/tt_llk_blackhole/llk_lib -I/nix/store/lvjsflhy8x1jbv74jk6992y6s3vbp76a-tt-metal-0.74.0/libexec/tt-metalium/tt_metal/hw/ckernels/blackhole/metal/llk_api -I/nix/store/lvjsflhy8x1jbv74jk6992y6s3vbp76a-tt-metal-0.74.0/libexec/tt-metalium/tt_metal/hw/ckernels/blackhole/metal/llk_api/llk_sfpu -I/nix/store/lvjsflhy8x1jbv74jk6992y6s3vbp76a-tt-metal-0.74.0/libexec/tt-metalium/tt_metal/hw/firmware/src/tt-1xx -I/nix/store/5alwcj7ff65s1zg6q475akwayafmh0bz-ttwkv7-unstable-2026-06-22/share/ttwkv7/kernels -c -o /var/tmp/rwkv-ttwkv7-boundary-device-2/cache/tt-metal-cache6727537587126051373/kernels/wkv7_decodeL_compute/1071634594237651124/trisc0/trisck.5488884942634642499.o /nix/store/lvjsflhy8x1jbv74jk6992y6s3vbp76a-tt-metal-0.74.0/libexec/tt-metalium/tt_metal/hw/firmware/src/tt-1xx/trisck.cc -MF /var/tmp/rwkv-ttwkv7-boundary-device-2/cache/tt-metal-cache6727537587126051373/kernels/wkv7_decodeL_compute/1071634594237651124/trisc0/trisck.5488884942634642499.d -DIS_NOT_POW2_NUM_L1_BANKS=1 -DLOG_BASE_2_OF_NUM_DRAM_BANKS=3 -DNUM_DRAM_BANKS=8 -DNUM_L1_BANKS=130 -DPCIE_NOC_X=19 -DPCIE_NOC_Y=24 -DTENSIX_FIRMWARE -DLOCAL_MEM_EN=0 -DPROCESSOR_INDEX=2 -DUCK_CHLKC_UNPACK -DCOMPILE_FOR_TRISC=0 -DARCH_BLACKHOLE -DDISPATCH_MESSAGE_ADDR=4290184248 -DKERNEL_BUILD -DFULL_KERNEL_NAME="\"wkv7_decodeL_compute/1071634594237651124/\"" 
In file included from ../chlkc_unpack.cpp:3,
                 from /nix/store/lvjsflhy8x1jbv74jk6992y6s3vbp76a-tt-metal-0.74.0/libexec/tt-metalium/tt_metal/hw/ckernels/blackhole/metal/common/chlkc_list.h:26,
                 from /nix/store/lvjsflhy8x1jbv74jk6992y6s3vbp76a-tt-metal-0.74.0/libexec/tt-metalium/tt_metal/hw/firmware/src/tt-1xx/trisck.cc:13:
/nix/store/5alwcj7ff65s1zg6q475akwayafmh0bz-ttwkv7-unstable-2026-06-22/share/ttwkv7/kernels/wkv7_decodeL_compute.cpp: In function 'void kernel_main()':
/nix/store/5alwcj7ff65s1zg6q475akwayafmh0bz-ttwkv7-unstable-2026-06-22/share/ttwkv7/kernels/wkv7_decodeL_compute.cpp:146:38: warning: 'void ckernel::transpose_wh_init(uint32_t, uint32_t, uint32_t)' is deprecated: Use compute_kernel_hw_startup(icb, ocb) once at the top of the kernel, then transpose_init(icb). See api/compute/transpose.h. [-Wdeprecated-declarations]
  146 |                     transpose_wh_init(cb_msk, cb_a + inp);
      |                     ~~~~~~~~~~~~~~~~~^~~~~~~~~~~~~~~~~~~~
In file included from /nix/store/5alwcj7ff65s1zg6q475akwayafmh0bz-ttwkv7-unstable-2026-06-22/share/ttwkv7/kernels/wkv7_decodeL_compute.cpp:9:
/nix/store/lvjsflhy8x1jbv74jk6992y6s3vbp76a-tt-metal-0.74.0/libexec/tt-metalium/tt_metal/hw/inc/api/compute/transpose_wh.h:38:1: note: declared here
   38 | transpose_wh_init(uint32_t icb, uint32_t ocb, uint32_t call_line = __builtin_LINE()) {
      | ^~~~~~~~~~~~~~~~~
/nix/store/5alwcj7ff65s1zg6q475akwayafmh0bz-ttwkv7-unstable-2026-06-22/share/ttwkv7/kernels/wkv7_decodeL_compute.cpp:148:75: warning: 'void ckernel::transpose_wh_tile(uint32_t, uint32_t, uint32_t)' is deprecated: Use transpose_tile(icb, itile, idst). See api/compute/transpose.h. [-Wdeprecated-declarations]
  148 |                     for (uint32_t st = 0; st < St; st++) transpose_wh_tile(cb_msk, st, st);
      |                                                          ~~~~~~~~~~~~~~~~~^~~~~~~~~~~~~~~~
/nix/store/lvjsflhy8x1jbv74jk6992y6s3vbp76a-tt-metal-0.74.0/libexec/tt-metalium/tt_metal/hw/inc/api/compute/transpose_wh.h:114:96: note: declared here
  114 | [[deprecated("Use transpose_tile(icb, itile, idst). See api/compute/transpose.h.")]] ALWI void transpose_wh_tile(
      |                                                                                                ^~~~~~~~~~~~~~~~~
/nix/store/5alwcj7ff65s1zg6q475akwayafmh0bz-ttwkv7-unstable-2026-06-22/share/ttwkv7/kernels/wkv7_decodeL_compute.cpp:156:56: warning: 'void ckernel::transpose_wh_init(uint32_t, uint32_t, uint32_t)' is deprecated: Use compute_kernel_hw_startup(icb, ocb) once at the top of the kernel, then transpose_init(icb). See api/compute/transpose.h. [-Wdeprecated-declarations]
  156 |                     else if (TR[inp]) transpose_wh_init(c_natstage, cb_a + inp);
      |                                       ~~~~~~~~~~~~~~~~~^~~~~~~~~~~~~~~~~~~~~~~~
/nix/store/lvjsflhy8x1jbv74jk6992y6s3vbp76a-tt-metal-0.74.0/libexec/tt-metalium/tt_metal/hw/inc/api/compute/transpose_wh.h:38:1: note: declared here
   38 | transpose_wh_init(uint32_t icb, uint32_t ocb, uint32_t call_line = __builtin_LINE()) {
      | ^~~~~~~~~~~~~~~~~
/nix/store/5alwcj7ff65s1zg6q475akwayafmh0bz-ttwkv7-unstable-2026-06-22/share/ttwkv7/kernels/wkv7_decodeL_compute.cpp:161:60: warning: 'void ckernel::transpose_wh_tile(uint32_t, uint32_t, uint32_t)' is deprecated: Use transpose_tile(icb, itile, idst). See api/compute/transpose.h. [-Wdeprecated-declarations]
  161 |                         else if (TR[inp]) transpose_wh_tile(c_natstage, st, st);
      |                                           ~~~~~~~~~~~~~~~~~^~~~~~~~~~~~~~~~~~~~
/nix/store/lvjsflhy8x1jbv74jk6992y6s3vbp76a-tt-metal-0.74.0/libexec/tt-metalium/tt_metal/hw/inc/api/compute/transpose_wh.h:114:96: note: declared here
  114 | [[deprecated("Use transpose_tile(icb, itile, idst). See api/compute/transpose.h.")]] ALWI void transpose_wh_tile(
      |                                                                                                ^~~~~~~~~~~~~~~~~
/nix/store/5alwcj7ff65s1zg6q475akwayafmh0bz-ttwkv7-unstable-2026-06-22/share/ttwkv7/kernels/wkv7_decodeL_compute.cpp:175:20: warning: 'void ckernel::mm_init(uint32_t, uint32_t, uint32_t, uint32_t, uint32_t)' is deprecated: Use compute_kernel_hw_startup<SrcOrder::Reverse>(in0, in1, out) once at kernel start, then matmul_init(in0, in1, transpose). [-Wdeprecated-declarations]
  175 |             mm_init(cb_state, cb_a, cb_Sa);
      |             ~~~~~~~^~~~~~~~~~~~~~~~~~~~~~~
In file included from /nix/store/5alwcj7ff65s1zg6q475akwayafmh0bz-ttwkv7-unstable-2026-06-22/share/ttwkv7/kernels/wkv7_decodeL_compute.cpp:8:
/nix/store/lvjsflhy8x1jbv74jk6992y6s3vbp76a-tt-metal-0.74.0/libexec/tt-metalium/tt_metal/hw/inc/api/compute/matmul.h:276:1: note: declared here
  276 | mm_init(
      | ^~~~~~~
/nix/store/5alwcj7ff65s1zg6q475akwayafmh0bz-ttwkv7-unstable-2026-06-22/share/ttwkv7/kernels/wkv7_decodeL_compute.cpp:193:26: warning: 'void ckernel::mm_init_short(uint32_t, uint32_t, uint32_t, uint32_t)' is deprecated: Renamed to matmul_init(). [-Wdeprecated-declarations]
  193 |             mm_init_short(cb_Sa, cb_b, 0);
      |             ~~~~~~~~~~~~~^~~~~~~~~~~~~~~~
/nix/store/lvjsflhy8x1jbv74jk6992y6s3vbp76a-tt-metal-0.74.0/libexec/tt-metalium/tt_metal/hw/inc/api/compute/matmul.h:344:55: note: declared here
  344 | [[deprecated("Renamed to matmul_init().")]] ALWI void mm_init_short(
      |                                                       ^~~~~~~~~~~~~
/nix/store/5alwcj7ff65s1zg6q475akwayafmh0bz-ttwkv7-unstable-2026-06-22/share/ttwkv7/kernels/wkv7_decodeL_compute.cpp:195:26: warning: 'void ckernel::mm_init_short(uint32_t, uint32_t, uint32_t, uint32_t)' is deprecated: Renamed to matmul_init(). [-Wdeprecated-declarations]
  195 |             mm_init_short(cb_v, cb_k, 0);
      |             ~~~~~~~~~~~~~^~~~~~~~~~~~~~~
/nix/store/lvjsflhy8x1jbv74jk6992y6s3vbp76a-tt-metal-0.74.0/libexec/tt-metalium/tt_metal/hw/inc/api/compute/matmul.h:344:55: note: declared here
  344 | [[deprecated("Renamed to matmul_init().")]] ALWI void mm_init_short(
      |                                                       ^~~~~~~~~~~~~
/nix/store/5alwcj7ff65s1zg6q475akwayafmh0bz-ttwkv7-unstable-2026-06-22/share/ttwkv7/kernels/wkv7_decodeL_compute.cpp:204:20: warning: 'void ckernel::mm_init(uint32_t, uint32_t, uint32_t, uint32_t, uint32_t)' is deprecated: Use compute_kernel_hw_startup<SrcOrder::Reverse>(in0, in1, out) once at kernel start, then matmul_init(in0, in1, transpose). [-Wdeprecated-declarations]
  204 |             mm_init(cb_Snew, cb_r, cb_o);
      |             ~~~~~~~^~~~~~~~~~~~~~~~~~~~~
/nix/store/lvjsflhy8x1jbv74jk6992y6s3vbp76a-tt-metal-0.74.0/libexec/tt-metalium/tt_metal/hw/inc/api/compute/matmul.h:276:1: note: declared here
  276 | mm_init(
      | ^~~~~~~
/nix/store/5alwcj7ff65s1zg6q475akwayafmh0bz-ttwkv7-unstable-2026-06-22/share/ttwkv7/kernels/wkv7_decodeL_compute.cpp:221:30: warning: 'void ckernel::transpose_wh_init(uint32_t, uint32_t, uint32_t)' is deprecated: Use compute_kernel_hw_startup(icb, ocb) once at the top of the kernel, then transpose_init(icb). See api/compute/transpose.h. [-Wdeprecated-declarations]
  221 |             transpose_wh_init(cb_o, cb_out);
      |             ~~~~~~~~~~~~~~~~~^~~~~~~~~~~~~~
/nix/store/lvjsflhy8x1jbv74jk6992y6s3vbp76a-tt-metal-0.74.0/libexec/tt-metalium/tt_metal/hw/inc/api/compute/transpose_wh.h:38:1: note: declared here
   38 | transpose_wh_init(uint32_t icb, uint32_t ocb, uint32_t call_line = __builtin_LINE()) {
      | ^~~~~~~~~~~~~~~~~
/nix/store/5alwcj7ff65s1zg6q475akwayafmh0bz-ttwkv7-unstable-2026-06-22/share/ttwkv7/kernels/wkv7_decodeL_compute.cpp:223:67: warning: 'void ckernel::transpose_wh_tile(uint32_t, uint32_t, uint32_t)' is deprecated: Use transpose_tile(icb, itile, idst). See api/compute/transpose.h. [-Wdeprecated-declarations]
  223 |             for (uint32_t it = 0; it < St; it++) transpose_wh_tile(cb_o, it, it);
      |                                                  ~~~~~~~~~~~~~~~~~^~~~~~~~~~~~~~
/nix/store/lvjsflhy8x1jbv74jk6992y6s3vbp76a-tt-metal-0.74.0/libexec/tt-metalium/tt_metal/hw/inc/api/compute/transpose_wh.h:114:96: note: declared here
  114 | [[deprecated("Use transpose_tile(icb, itile, idst). See api/compute/transpose.h.")]] ALWI void transpose_wh_tile(
      |                                                                                                ^~~~~~~~~~~~~~~~~
Building trisc2, compile step:
cd /var/tmp/rwkv-ttwkv7-boundary-device-2/cache/tt-metal-cache6727537587126051373/kernels/wkv7_decodeL_compute/1071634594237651124/trisc2/ && /nix/store/lvjsflhy8x1jbv74jk6992y6s3vbp76a-tt-metal-0.74.0/libexec/tt-metalium/runtime/sfpi/compiler/bin/riscv-tt-elf-g++ -O3 -std=c++17 -ftt-nttp -ftt-constinit -ftt-consteval -ftt-no-dyninit -flto=auto -ffast-math -fno-exceptions -fno-rtti -fno-use-cxa-atexit -g -MMD -Wall -Werror -Wno-error=deprecated-declarations -Wno-error=multistatement-macros -Wno-error=parentheses -Wno-error=unused-but-set-variable -Wno-unused-variable -Wno-unused-function -mcpu=tt-bh-tensix -I. -I.. -I/nix/store/lvjsflhy8x1jbv74jk6992y6s3vbp76a-tt-metal-0.74.0/libexec/tt-metalium/ -I/nix/store/lvjsflhy8x1jbv74jk6992y6s3vbp76a-tt-metal-0.74.0/libexec/tt-metalium/ttnn -I/nix/store/lvjsflhy8x1jbv74jk6992y6s3vbp76a-tt-metal-0.74.0/libexec/tt-metalium/ttnn/cpp -I/nix/store/lvjsflhy8x1jbv74jk6992y6s3vbp76a-tt-metal-0.74.0/libexec/tt-metalium/tt_metal -I/nix/store/lvjsflhy8x1jbv74jk6992y6s3vbp76a-tt-metal-0.74.0/libexec/tt-metalium/tt_metal/hw/inc -I/nix/store/lvjsflhy8x1jbv74jk6992y6s3vbp76a-tt-metal-0.74.0/libexec/tt-metalium/tt_metal/tt-llk/common -I/nix/store/lvjsflhy8x1jbv74jk6992y6s3vbp76a-tt-metal-0.74.0/libexec/tt-metalium/tt_metal/hostdevcommon/api -I/nix/store/lvjsflhy8x1jbv74jk6992y6s3vbp76a-tt-metal-0.74.0/libexec/tt-metalium/tt_metal/api/ -I/nix/store/lvjsflhy8x1jbv74jk6992y6s3vbp76a-tt-metal-0.74.0/libexec/tt-metalium/runtime/sfpi/include -I/nix/store/lvjsflhy8x1jbv74jk6992y6s3vbp76a-tt-metal-0.74.0/libexec/tt-metalium/tt_metal/hw/ckernels/blackhole/metal/common -I/nix/store/lvjsflhy8x1jbv74jk6992y6s3vbp76a-tt-metal-0.74.0/libexec/tt-metalium/tt_metal/hw/ckernels/blackhole/metal/llk_io -I/nix/store/lvjsflhy8x1jbv74jk6992y6s3vbp76a-tt-metal-0.74.0/libexec/tt-metalium/tt_metal/hw/inc/internal/tt-1xx -I/nix/store/lvjsflhy8x1jbv74jk6992y6s3vbp76a-tt-metal-0.74.0/libexec/tt-metalium/tt_metal/hw/inc/internal/tt-1xx/blackhole -I/nix/store/lvjsflhy8x1jbv74jk6992y6s3vbp76a-tt-metal-0.74.0/libexec/tt-metalium/tt_metal/hw/inc/internal/tt-1xx/blackhole/blackhole_defines -I/nix/store/lvjsflhy8x1jbv74jk6992y6s3vbp76a-tt-metal-0.74.0/libexec/tt-metalium/tt_metal/hw/inc/internal/tt-1xx/blackhole/noc -I/nix/store/lvjsflhy8x1jbv74jk6992y6s3vbp76a-tt-metal-0.74.0/libexec/tt-metalium/tt_metal/tt-llk/tt_llk_blackhole/common/inc -I/nix/store/lvjsflhy8x1jbv74jk6992y6s3vbp76a-tt-metal-0.74.0/libexec/tt-metalium/tt_metal/tt-llk/tt_llk_blackhole/llk_lib -I/nix/store/lvjsflhy8x1jbv74jk6992y6s3vbp76a-tt-metal-0.74.0/libexec/tt-metalium/tt_metal/hw/ckernels/blackhole/metal/llk_api -I/nix/store/lvjsflhy8x1jbv74jk6992y6s3vbp76a-tt-metal-0.74.0/libexec/tt-metalium/tt_metal/hw/ckernels/blackhole/metal/llk_api/llk_sfpu -I/nix/store/lvjsflhy8x1jbv74jk6992y6s3vbp76a-tt-metal-0.74.0/libexec/tt-metalium/tt_metal/hw/firmware/src/tt-1xx -I/nix/store/5alwcj7ff65s1zg6q475akwayafmh0bz-ttwkv7-unstable-2026-06-22/share/ttwkv7/kernels -c -o /var/tmp/rwkv-ttwkv7-boundary-device-2/cache/tt-metal-cache6727537587126051373/kernels/wkv7_decodeL_compute/1071634594237651124/trisc2/trisck.5488884942634642499.o /nix/store/lvjsflhy8x1jbv74jk6992y6s3vbp76a-tt-metal-0.74.0/libexec/tt-metalium/tt_metal/hw/firmware/src/tt-1xx/trisck.cc -MF /var/tmp/rwkv-ttwkv7-boundary-device-2/cache/tt-metal-cache6727537587126051373/kernels/wkv7_decodeL_compute/1071634594237651124/trisc2/trisck.5488884942634642499.d -DIS_NOT_POW2_NUM_L1_BANKS=1 -DLOG_BASE_2_OF_NUM_DRAM_BANKS=3 -DNUM_DRAM_BANKS=8 -DNUM_L1_BANKS=130 -DPCIE_NOC_X=19 -DPCIE_NOC_Y=24 -DTENSIX_FIRMWARE -DLOCAL_MEM_EN=0 -DPROCESSOR_INDEX=4 -DUCK_CHLKC_PACK -DCOMPILE_FOR_TRISC=2 -DARCH_BLACKHOLE -DDISPATCH_MESSAGE_ADDR=4290184248 -DKERNEL_BUILD -DFULL_KERNEL_NAME="\"wkv7_decodeL_compute/1071634594237651124/\"" 
In file included from ../chlkc_pack.cpp:3,
                 from /nix/store/lvjsflhy8x1jbv74jk6992y6s3vbp76a-tt-metal-0.74.0/libexec/tt-metalium/tt_metal/hw/ckernels/blackhole/metal/common/chlkc_list.h:21,
                 from /nix/store/lvjsflhy8x1jbv74jk6992y6s3vbp76a-tt-metal-0.74.0/libexec/tt-metalium/tt_metal/hw/firmware/src/tt-1xx/trisck.cc:13:
/nix/store/5alwcj7ff65s1zg6q475akwayafmh0bz-ttwkv7-unstable-2026-06-22/share/ttwkv7/kernels/wkv7_decodeL_compute.cpp: In function 'void kernel_main()':
/nix/store/5alwcj7ff65s1zg6q475akwayafmh0bz-ttwkv7-unstable-2026-06-22/share/ttwkv7/kernels/wkv7_decodeL_compute.cpp:146:38: warning: 'void ckernel::transpose_wh_init(uint32_t, uint32_t, uint32_t)' is deprecated: Use compute_kernel_hw_startup(icb, ocb) once at the top of the kernel, then transpose_init(icb). See api/compute/transpose.h. [-Wdeprecated-declarations]
  146 |                     transpose_wh_init(cb_msk, cb_a + inp);
      |                     ~~~~~~~~~~~~~~~~~^~~~~~~~~~~~~~~~~~~~
In file included from /nix/store/5alwcj7ff65s1zg6q475akwayafmh0bz-ttwkv7-unstable-2026-06-22/share/ttwkv7/kernels/wkv7_decodeL_compute.cpp:9:
/nix/store/lvjsflhy8x1jbv74jk6992y6s3vbp76a-tt-metal-0.74.0/libexec/tt-metalium/tt_metal/hw/inc/api/compute/transpose_wh.h:38:1: note: declared here
   38 | transpose_wh_init(uint32_t icb, uint32_t ocb, uint32_t call_line = __builtin_LINE()) {
      | ^~~~~~~~~~~~~~~~~
/nix/store/5alwcj7ff65s1zg6q475akwayafmh0bz-ttwkv7-unstable-2026-06-22/share/ttwkv7/kernels/wkv7_decodeL_compute.cpp:148:75: warning: 'void ckernel::transpose_wh_tile(uint32_t, uint32_t, uint32_t)' is deprecated: Use transpose_tile(icb, itile, idst). See api/compute/transpose.h. [-Wdeprecated-declarations]
  148 |                     for (uint32_t st = 0; st < St; st++) transpose_wh_tile(cb_msk, st, st);
      |                                                          ~~~~~~~~~~~~~~~~~^~~~~~~~~~~~~~~~
/nix/store/lvjsflhy8x1jbv74jk6992y6s3vbp76a-tt-metal-0.74.0/libexec/tt-metalium/tt_metal/hw/inc/api/compute/transpose_wh.h:114:96: note: declared here
  114 | [[deprecated("Use transpose_tile(icb, itile, idst). See api/compute/transpose.h.")]] ALWI void transpose_wh_tile(
      |                                                                                                ^~~~~~~~~~~~~~~~~
/nix/store/5alwcj7ff65s1zg6q475akwayafmh0bz-ttwkv7-unstable-2026-06-22/share/ttwkv7/kernels/wkv7_decodeL_compute.cpp:156:56: warning: 'void ckernel::transpose_wh_init(uint32_t, uint32_t, uint32_t)' is deprecated: Use compute_kernel_hw_startup(icb, ocb) once at the top of the kernel, then transpose_init(icb). See api/compute/transpose.h. [-Wdeprecated-declarations]
  156 |                     else if (TR[inp]) transpose_wh_init(c_natstage, cb_a + inp);
      |                                       ~~~~~~~~~~~~~~~~~^~~~~~~~~~~~~~~~~~~~~~~~
/nix/store/lvjsflhy8x1jbv74jk6992y6s3vbp76a-tt-metal-0.74.0/libexec/tt-metalium/tt_metal/hw/inc/api/compute/transpose_wh.h:38:1: note: declared here
   38 | transpose_wh_init(uint32_t icb, uint32_t ocb, uint32_t call_line = __builtin_LINE()) {
      | ^~~~~~~~~~~~~~~~~
/nix/store/5alwcj7ff65s1zg6q475akwayafmh0bz-ttwkv7-unstable-2026-06-22/share/ttwkv7/kernels/wkv7_decodeL_compute.cpp:161:60: warning: 'void ckernel::transpose_wh_tile(uint32_t, uint32_t, uint32_t)' is deprecated: Use transpose_tile(icb, itile, idst). See api/compute/transpose.h. [-Wdeprecated-declarations]
  161 |                         else if (TR[inp]) transpose_wh_tile(c_natstage, st, st);
      |                                           ~~~~~~~~~~~~~~~~~^~~~~~~~~~~~~~~~~~~~
/nix/store/lvjsflhy8x1jbv74jk6992y6s3vbp76a-tt-metal-0.74.0/libexec/tt-metalium/tt_metal/hw/inc/api/compute/transpose_wh.h:114:96: note: declared here
  114 | [[deprecated("Use transpose_tile(icb, itile, idst). See api/compute/transpose.h.")]] ALWI void transpose_wh_tile(
      |                                                                                                ^~~~~~~~~~~~~~~~~
/nix/store/5alwcj7ff65s1zg6q475akwayafmh0bz-ttwkv7-unstable-2026-06-22/share/ttwkv7/kernels/wkv7_decodeL_compute.cpp:175:20: warning: 'void ckernel::mm_init(uint32_t, uint32_t, uint32_t, uint32_t, uint32_t)' is deprecated: Use compute_kernel_hw_startup<SrcOrder::Reverse>(in0, in1, out) once at kernel start, then matmul_init(in0, in1, transpose). [-Wdeprecated-declarations]
  175 |             mm_init(cb_state, cb_a, cb_Sa);
      |             ~~~~~~~^~~~~~~~~~~~~~~~~~~~~~~
In file included from /nix/store/5alwcj7ff65s1zg6q475akwayafmh0bz-ttwkv7-unstable-2026-06-22/share/ttwkv7/kernels/wkv7_decodeL_compute.cpp:8:
/nix/store/lvjsflhy8x1jbv74jk6992y6s3vbp76a-tt-metal-0.74.0/libexec/tt-metalium/tt_metal/hw/inc/api/compute/matmul.h:276:1: note: declared here
  276 | mm_init(
      | ^~~~~~~
/nix/store/5alwcj7ff65s1zg6q475akwayafmh0bz-ttwkv7-unstable-2026-06-22/share/ttwkv7/kernels/wkv7_decodeL_compute.cpp:193:26: warning: 'void ckernel::mm_init_short(uint32_t, uint32_t, uint32_t, uint32_t)' is deprecated: Renamed to matmul_init(). [-Wdeprecated-declarations]
  193 |             mm_init_short(cb_Sa, cb_b, 0);
      |             ~~~~~~~~~~~~~^~~~~~~~~~~~~~~~
/nix/store/lvjsflhy8x1jbv74jk6992y6s3vbp76a-tt-metal-0.74.0/libexec/tt-metalium/tt_metal/hw/inc/api/compute/matmul.h:344:55: note: declared here
  344 | [[deprecated("Renamed to matmul_init().")]] ALWI void mm_init_short(
      |                                                       ^~~~~~~~~~~~~
/nix/store/5alwcj7ff65s1zg6q475akwayafmh0bz-ttwkv7-unstable-2026-06-22/share/ttwkv7/kernels/wkv7_decodeL_compute.cpp:195:26: warning: 'void ckernel::mm_init_short(uint32_t, uint32_t, uint32_t, uint32_t)' is deprecated: Renamed to matmul_init(). [-Wdeprecated-declarations]
  195 |             mm_init_short(cb_v, cb_k, 0);
      |             ~~~~~~~~~~~~~^~~~~~~~~~~~~~~
/nix/store/lvjsflhy8x1jbv74jk6992y6s3vbp76a-tt-metal-0.74.0/libexec/tt-metalium/tt_metal/hw/inc/api/compute/matmul.h:344:55: note: declared here
  344 | [[deprecated("Renamed to matmul_init().")]] ALWI void mm_init_short(
      |                                                       ^~~~~~~~~~~~~
/nix/store/5alwcj7ff65s1zg6q475akwayafmh0bz-ttwkv7-unstable-2026-06-22/share/ttwkv7/kernels/wkv7_decodeL_compute.cpp:204:20: warning: 'void ckernel::mm_init(uint32_t, uint32_t, uint32_t, uint32_t, uint32_t)' is deprecated: Use compute_kernel_hw_startup<SrcOrder::Reverse>(in0, in1, out) once at kernel start, then matmul_init(in0, in1, transpose). [-Wdeprecated-declarations]
  204 |             mm_init(cb_Snew, cb_r, cb_o);
      |             ~~~~~~~^~~~~~~~~~~~~~~~~~~~~
/nix/store/lvjsflhy8x1jbv74jk6992y6s3vbp76a-tt-metal-0.74.0/libexec/tt-metalium/tt_metal/hw/inc/api/compute/matmul.h:276:1: note: declared here
  276 | mm_init(
      | ^~~~~~~
/nix/store/5alwcj7ff65s1zg6q475akwayafmh0bz-ttwkv7-unstable-2026-06-22/share/ttwkv7/kernels/wkv7_decodeL_compute.cpp:221:30: warning: 'void ckernel::transpose_wh_init(uint32_t, uint32_t, uint32_t)' is deprecated: Use compute_kernel_hw_startup(icb, ocb) once at the top of the kernel, then transpose_init(icb). See api/compute/transpose.h. [-Wdeprecated-declarations]
  221 |             transpose_wh_init(cb_o, cb_out);
      |             ~~~~~~~~~~~~~~~~~^~~~~~~~~~~~~~
/nix/store/lvjsflhy8x1jbv74jk6992y6s3vbp76a-tt-metal-0.74.0/libexec/tt-metalium/tt_metal/hw/inc/api/compute/transpose_wh.h:38:1: note: declared here
   38 | transpose_wh_init(uint32_t icb, uint32_t ocb, uint32_t call_line = __builtin_LINE()) {
      | ^~~~~~~~~~~~~~~~~
/nix/store/5alwcj7ff65s1zg6q475akwayafmh0bz-ttwkv7-unstable-2026-06-22/share/ttwkv7/kernels/wkv7_decodeL_compute.cpp:223:67: warning: 'void ckernel::transpose_wh_tile(uint32_t, uint32_t, uint32_t)' is deprecated: Use transpose_tile(icb, itile, idst). See api/compute/transpose.h. [-Wdeprecated-declarations]
  223 |             for (uint32_t it = 0; it < St; it++) transpose_wh_tile(cb_o, it, it);
      |                                                  ~~~~~~~~~~~~~~~~~^~~~~~~~~~~~~~
/nix/store/lvjsflhy8x1jbv74jk6992y6s3vbp76a-tt-metal-0.74.0/libexec/tt-metalium/tt_metal/hw/inc/api/compute/transpose_wh.h:114:96: note: declared here
  114 | [[deprecated("Use transpose_tile(icb, itile, idst). See api/compute/transpose.h.")]] ALWI void transpose_wh_tile(
      |                                                                                                ^~~~~~~~~~~~~~~~~
Building trisc1, compile step:
cd /var/tmp/rwkv-ttwkv7-boundary-device-2/cache/tt-metal-cache6727537587126051373/kernels/wkv7_decodeL_compute/1071634594237651124/trisc1/ && /nix/store/lvjsflhy8x1jbv74jk6992y6s3vbp76a-tt-metal-0.74.0/libexec/tt-metalium/runtime/sfpi/compiler/bin/riscv-tt-elf-g++ -O3 -std=c++17 -ftt-nttp -ftt-constinit -ftt-consteval -ftt-no-dyninit -flto=auto -ffast-math -fno-exceptions -fno-rtti -fno-use-cxa-atexit -g -MMD -Wall -Werror -Wno-error=deprecated-declarations -Wno-error=multistatement-macros -Wno-error=parentheses -Wno-error=unused-but-set-variable -Wno-unused-variable -Wno-unused-function -mcpu=tt-bh-tensix -I. -I.. -I/nix/store/lvjsflhy8x1jbv74jk6992y6s3vbp76a-tt-metal-0.74.0/libexec/tt-metalium/ -I/nix/store/lvjsflhy8x1jbv74jk6992y6s3vbp76a-tt-metal-0.74.0/libexec/tt-metalium/ttnn -I/nix/store/lvjsflhy8x1jbv74jk6992y6s3vbp76a-tt-metal-0.74.0/libexec/tt-metalium/ttnn/cpp -I/nix/store/lvjsflhy8x1jbv74jk6992y6s3vbp76a-tt-metal-0.74.0/libexec/tt-metalium/tt_metal -I/nix/store/lvjsflhy8x1jbv74jk6992y6s3vbp76a-tt-metal-0.74.0/libexec/tt-metalium/tt_metal/hw/inc -I/nix/store/lvjsflhy8x1jbv74jk6992y6s3vbp76a-tt-metal-0.74.0/libexec/tt-metalium/tt_metal/tt-llk/common -I/nix/store/lvjsflhy8x1jbv74jk6992y6s3vbp76a-tt-metal-0.74.0/libexec/tt-metalium/tt_metal/hostdevcommon/api -I/nix/store/lvjsflhy8x1jbv74jk6992y6s3vbp76a-tt-metal-0.74.0/libexec/tt-metalium/tt_metal/api/ -I/nix/store/lvjsflhy8x1jbv74jk6992y6s3vbp76a-tt-metal-0.74.0/libexec/tt-metalium/runtime/sfpi/include -I/nix/store/lvjsflhy8x1jbv74jk6992y6s3vbp76a-tt-metal-0.74.0/libexec/tt-metalium/tt_metal/hw/ckernels/blackhole/metal/common -I/nix/store/lvjsflhy8x1jbv74jk6992y6s3vbp76a-tt-metal-0.74.0/libexec/tt-metalium/tt_metal/hw/ckernels/blackhole/metal/llk_io -I/nix/store/lvjsflhy8x1jbv74jk6992y6s3vbp76a-tt-metal-0.74.0/libexec/tt-metalium/tt_metal/hw/inc/internal/tt-1xx -I/nix/store/lvjsflhy8x1jbv74jk6992y6s3vbp76a-tt-metal-0.74.0/libexec/tt-metalium/tt_metal/hw/inc/internal/tt-1xx/blackhole -I/nix/store/lvjsflhy8x1jbv74jk6992y6s3vbp76a-tt-metal-0.74.0/libexec/tt-metalium/tt_metal/hw/inc/internal/tt-1xx/blackhole/blackhole_defines -I/nix/store/lvjsflhy8x1jbv74jk6992y6s3vbp76a-tt-metal-0.74.0/libexec/tt-metalium/tt_metal/hw/inc/internal/tt-1xx/blackhole/noc -I/nix/store/lvjsflhy8x1jbv74jk6992y6s3vbp76a-tt-metal-0.74.0/libexec/tt-metalium/tt_metal/tt-llk/tt_llk_blackhole/common/inc -I/nix/store/lvjsflhy8x1jbv74jk6992y6s3vbp76a-tt-metal-0.74.0/libexec/tt-metalium/tt_metal/tt-llk/tt_llk_blackhole/llk_lib -I/nix/store/lvjsflhy8x1jbv74jk6992y6s3vbp76a-tt-metal-0.74.0/libexec/tt-metalium/tt_metal/hw/ckernels/blackhole/metal/llk_api -I/nix/store/lvjsflhy8x1jbv74jk6992y6s3vbp76a-tt-metal-0.74.0/libexec/tt-metalium/tt_metal/hw/ckernels/blackhole/metal/llk_api/llk_sfpu -I/nix/store/lvjsflhy8x1jbv74jk6992y6s3vbp76a-tt-metal-0.74.0/libexec/tt-metalium/tt_metal/hw/firmware/src/tt-1xx -I/nix/store/5alwcj7ff65s1zg6q475akwayafmh0bz-ttwkv7-unstable-2026-06-22/share/ttwkv7/kernels -c -o /var/tmp/rwkv-ttwkv7-boundary-device-2/cache/tt-metal-cache6727537587126051373/kernels/wkv7_decodeL_compute/1071634594237651124/trisc1/trisck.5488884942634642499.o /nix/store/lvjsflhy8x1jbv74jk6992y6s3vbp76a-tt-metal-0.74.0/libexec/tt-metalium/tt_metal/hw/firmware/src/tt-1xx/trisck.cc -MF /var/tmp/rwkv-ttwkv7-boundary-device-2/cache/tt-metal-cache6727537587126051373/kernels/wkv7_decodeL_compute/1071634594237651124/trisc1/trisck.5488884942634642499.d -DIS_NOT_POW2_NUM_L1_BANKS=1 -DLOG_BASE_2_OF_NUM_DRAM_BANKS=3 -DNUM_DRAM_BANKS=8 -DNUM_L1_BANKS=130 -DPCIE_NOC_X=19 -DPCIE_NOC_Y=24 -DTENSIX_FIRMWARE -DLOCAL_MEM_EN=0 -DPROCESSOR_INDEX=3 -DUCK_CHLKC_MATH -DCOMPILE_FOR_TRISC=1 -DARCH_BLACKHOLE -DDISPATCH_MESSAGE_ADDR=4290184248 -DKERNEL_BUILD -DFULL_KERNEL_NAME="\"wkv7_decodeL_compute/1071634594237651124/\"" 
In file included from ../chlkc_math.cpp:3,
                 from /nix/store/lvjsflhy8x1jbv74jk6992y6s3vbp76a-tt-metal-0.74.0/libexec/tt-metalium/tt_metal/hw/ckernels/blackhole/metal/common/chlkc_list.h:16,
                 from /nix/store/lvjsflhy8x1jbv74jk6992y6s3vbp76a-tt-metal-0.74.0/libexec/tt-metalium/tt_metal/hw/firmware/src/tt-1xx/trisck.cc:13:
/nix/store/5alwcj7ff65s1zg6q475akwayafmh0bz-ttwkv7-unstable-2026-06-22/share/ttwkv7/kernels/wkv7_decodeL_compute.cpp: In function 'void kernel_main()':
/nix/store/5alwcj7ff65s1zg6q475akwayafmh0bz-ttwkv7-unstable-2026-06-22/share/ttwkv7/kernels/wkv7_decodeL_compute.cpp:146:38: warning: 'void ckernel::transpose_wh_init(uint32_t, uint32_t, uint32_t)' is deprecated: Use compute_kernel_hw_startup(icb, ocb) once at the top of the kernel, then transpose_init(icb). See api/compute/transpose.h. [-Wdeprecated-declarations]
  146 |                     transpose_wh_init(cb_msk, cb_a + inp);
      |                     ~~~~~~~~~~~~~~~~~^~~~~~~~~~~~~~~~~~~~
In file included from /nix/store/5alwcj7ff65s1zg6q475akwayafmh0bz-ttwkv7-unstable-2026-06-22/share/ttwkv7/kernels/wkv7_decodeL_compute.cpp:9:
/nix/store/lvjsflhy8x1jbv74jk6992y6s3vbp76a-tt-metal-0.74.0/libexec/tt-metalium/tt_metal/hw/inc/api/compute/transpose_wh.h:38:1: note: declared here
   38 | transpose_wh_init(uint32_t icb, uint32_t ocb, uint32_t call_line = __builtin_LINE()) {
      | ^~~~~~~~~~~~~~~~~
/nix/store/5alwcj7ff65s1zg6q475akwayafmh0bz-ttwkv7-unstable-2026-06-22/share/ttwkv7/kernels/wkv7_decodeL_compute.cpp:148:75: warning: 'void ckernel::transpose_wh_tile(uint32_t, uint32_t, uint32_t)' is deprecated: Use transpose_tile(icb, itile, idst). See api/compute/transpose.h. [-Wdeprecated-declarations]
  148 |                     for (uint32_t st = 0; st < St; st++) transpose_wh_tile(cb_msk, st, st);
      |                                                          ~~~~~~~~~~~~~~~~~^~~~~~~~~~~~~~~~
/nix/store/lvjsflhy8x1jbv74jk6992y6s3vbp76a-tt-metal-0.74.0/libexec/tt-metalium/tt_metal/hw/inc/api/compute/transpose_wh.h:114:96: note: declared here
  114 | [[deprecated("Use transpose_tile(icb, itile, idst). See api/compute/transpose.h.")]] ALWI void transpose_wh_tile(
      |                                                                                                ^~~~~~~~~~~~~~~~~
/nix/store/5alwcj7ff65s1zg6q475akwayafmh0bz-ttwkv7-unstable-2026-06-22/share/ttwkv7/kernels/wkv7_decodeL_compute.cpp:156:56: warning: 'void ckernel::transpose_wh_init(uint32_t, uint32_t, uint32_t)' is deprecated: Use compute_kernel_hw_startup(icb, ocb) once at the top of the kernel, then transpose_init(icb). See api/compute/transpose.h. [-Wdeprecated-declarations]
  156 |                     else if (TR[inp]) transpose_wh_init(c_natstage, cb_a + inp);
      |                                       ~~~~~~~~~~~~~~~~~^~~~~~~~~~~~~~~~~~~~~~~~
/nix/store/lvjsflhy8x1jbv74jk6992y6s3vbp76a-tt-metal-0.74.0/libexec/tt-metalium/tt_metal/hw/inc/api/compute/transpose_wh.h:38:1: note: declared here
   38 | transpose_wh_init(uint32_t icb, uint32_t ocb, uint32_t call_line = __builtin_LINE()) {
      | ^~~~~~~~~~~~~~~~~
/nix/store/5alwcj7ff65s1zg6q475akwayafmh0bz-ttwkv7-unstable-2026-06-22/share/ttwkv7/kernels/wkv7_decodeL_compute.cpp:161:60: warning: 'void ckernel::transpose_wh_tile(uint32_t, uint32_t, uint32_t)' is deprecated: Use transpose_tile(icb, itile, idst). See api/compute/transpose.h. [-Wdeprecated-declarations]
  161 |                         else if (TR[inp]) transpose_wh_tile(c_natstage, st, st);
      |                                           ~~~~~~~~~~~~~~~~~^~~~~~~~~~~~~~~~~~~~
/nix/store/lvjsflhy8x1jbv74jk6992y6s3vbp76a-tt-metal-0.74.0/libexec/tt-metalium/tt_metal/hw/inc/api/compute/transpose_wh.h:114:96: note: declared here
  114 | [[deprecated("Use transpose_tile(icb, itile, idst). See api/compute/transpose.h.")]] ALWI void transpose_wh_tile(
      |                                                                                                ^~~~~~~~~~~~~~~~~
/nix/store/5alwcj7ff65s1zg6q475akwayafmh0bz-ttwkv7-unstable-2026-06-22/share/ttwkv7/kernels/wkv7_decodeL_compute.cpp:175:20: warning: 'void ckernel::mm_init(uint32_t, uint32_t, uint32_t, uint32_t, uint32_t)' is deprecated: Use compute_kernel_hw_startup<SrcOrder::Reverse>(in0, in1, out) once at kernel start, then matmul_init(in0, in1, transpose). [-Wdeprecated-declarations]
  175 |             mm_init(cb_state, cb_a, cb_Sa);
      |             ~~~~~~~^~~~~~~~~~~~~~~~~~~~~~~
In file included from /nix/store/5alwcj7ff65s1zg6q475akwayafmh0bz-ttwkv7-unstable-2026-06-22/share/ttwkv7/kernels/wkv7_decodeL_compute.cpp:8:
/nix/store/lvjsflhy8x1jbv74jk6992y6s3vbp76a-tt-metal-0.74.0/libexec/tt-metalium/tt_metal/hw/inc/api/compute/matmul.h:276:1: note: declared here
  276 | mm_init(
      | ^~~~~~~
/nix/store/5alwcj7ff65s1zg6q475akwayafmh0bz-ttwkv7-unstable-2026-06-22/share/ttwkv7/kernels/wkv7_decodeL_compute.cpp:193:26: warning: 'void ckernel::mm_init_short(uint32_t, uint32_t, uint32_t, uint32_t)' is deprecated: Renamed to matmul_init(). [-Wdeprecated-declarations]
  193 |             mm_init_short(cb_Sa, cb_b, 0);
      |             ~~~~~~~~~~~~~^~~~~~~~~~~~~~~~
/nix/store/lvjsflhy8x1jbv74jk6992y6s3vbp76a-tt-metal-0.74.0/libexec/tt-metalium/tt_metal/hw/inc/api/compute/matmul.h:344:55: note: declared here
  344 | [[deprecated("Renamed to matmul_init().")]] ALWI void mm_init_short(
      |                                                       ^~~~~~~~~~~~~
/nix/store/5alwcj7ff65s1zg6q475akwayafmh0bz-ttwkv7-unstable-2026-06-22/share/ttwkv7/kernels/wkv7_decodeL_compute.cpp:195:26: warning: 'void ckernel::mm_init_short(uint32_t, uint32_t, uint32_t, uint32_t)' is deprecated: Renamed to matmul_init(). [-Wdeprecated-declarations]
  195 |             mm_init_short(cb_v, cb_k, 0);
      |             ~~~~~~~~~~~~~^~~~~~~~~~~~~~~
/nix/store/lvjsflhy8x1jbv74jk6992y6s3vbp76a-tt-metal-0.74.0/libexec/tt-metalium/tt_metal/hw/inc/api/compute/matmul.h:344:55: note: declared here
  344 | [[deprecated("Renamed to matmul_init().")]] ALWI void mm_init_short(
      |                                                       ^~~~~~~~~~~~~
/nix/store/5alwcj7ff65s1zg6q475akwayafmh0bz-ttwkv7-unstable-2026-06-22/share/ttwkv7/kernels/wkv7_decodeL_compute.cpp:204:20: warning: 'void ckernel::mm_init(uint32_t, uint32_t, uint32_t, uint32_t, uint32_t)' is deprecated: Use compute_kernel_hw_startup<SrcOrder::Reverse>(in0, in1, out) once at kernel start, then matmul_init(in0, in1, transpose). [-Wdeprecated-declarations]
  204 |             mm_init(cb_Snew, cb_r, cb_o);
      |             ~~~~~~~^~~~~~~~~~~~~~~~~~~~~
/nix/store/lvjsflhy8x1jbv74jk6992y6s3vbp76a-tt-metal-0.74.0/libexec/tt-metalium/tt_metal/hw/inc/api/compute/matmul.h:276:1: note: declared here
  276 | mm_init(
      | ^~~~~~~
/nix/store/5alwcj7ff65s1zg6q475akwayafmh0bz-ttwkv7-unstable-2026-06-22/share/ttwkv7/kernels/wkv7_decodeL_compute.cpp:221:30: warning: 'void ckernel::transpose_wh_init(uint32_t, uint32_t, uint32_t)' is deprecated: Use compute_kernel_hw_startup(icb, ocb) once at the top of the kernel, then transpose_init(icb). See api/compute/transpose.h. [-Wdeprecated-declarations]
  221 |             transpose_wh_init(cb_o, cb_out);
      |             ~~~~~~~~~~~~~~~~~^~~~~~~~~~~~~~
/nix/store/lvjsflhy8x1jbv74jk6992y6s3vbp76a-tt-metal-0.74.0/libexec/tt-metalium/tt_metal/hw/inc/api/compute/transpose_wh.h:38:1: note: declared here
   38 | transpose_wh_init(uint32_t icb, uint32_t ocb, uint32_t call_line = __builtin_LINE()) {
      | ^~~~~~~~~~~~~~~~~
/nix/store/5alwcj7ff65s1zg6q475akwayafmh0bz-ttwkv7-unstable-2026-06-22/share/ttwkv7/kernels/wkv7_decodeL_compute.cpp:223:67: warning: 'void ckernel::transpose_wh_tile(uint32_t, uint32_t, uint32_t)' is deprecated: Use transpose_tile(icb, itile, idst). See api/compute/transpose.h. [-Wdeprecated-declarations]
  223 |             for (uint32_t it = 0; it < St; it++) transpose_wh_tile(cb_o, it, it);
      |                                                  ~~~~~~~~~~~~~~~~~^~~~~~~~~~~~~~
/nix/store/lvjsflhy8x1jbv74jk6992y6s3vbp76a-tt-metal-0.74.0/libexec/tt-metalium/tt_metal/hw/inc/api/compute/transpose_wh.h:114:96: note: declared here
  114 | [[deprecated("Use transpose_tile(icb, itile, idst). See api/compute/transpose.h.")]] ALWI void transpose_wh_tile(
      |                                                                                                ^~~~~~~~~~~~~~~~~
rwkv ttWKV7 boundary device probe: PASS
2026-07-17 18:50:00.394 | info     |    BuildKernels | JIT cache stats: 0/21 hits (0.0%) [0 cached, 0 build-once dedup, 0 merged artifacts, 0 merged genfiles] (build_cache_telemetry.cpp:197)
2026-07-17 18:50:00.394 | info     |    BuildKernels | JIT telemetry: 2 registered TelemetryTokens (build_cache_telemetry.cpp:230)
2026-07-17 18:50:00.395 | info     |          Device | Closing user mode device drivers (tt_cluster.cpp:513)
2026-07-17 18:50:00.395 | info     |             UMD | Closing devices in cluster (cluster.cpp:1037)
2026-07-17 18:50:00.540 | info     |             UMD | Closing devices in cluster completed. (cluster.cpp:1046)
2026-07-17 18:50:00.540 | info     |             UMD | Cluster destructor started. (cluster.cpp:754)
2026-07-17 18:50:00.540 | info     |             UMD | Cluster destructor completed. (cluster.cpp:757)
2026-07-17 18:50:00.541 | warning  |             UMD | Setting power state failed on device 1: Invalid argument (pci_device.cpp:1073)
